Archive member included to satisfy reference by file (symbol)

D:/14.3 rel1/bin/../lib/gcc/arm-none-eabi/14.3.1/../../../../arm-none-eabi/lib/thumb/v7-m/nofp\libstdc++_nano.a(atexit_arm.o)
                              CMakeFiles/STM32_CyberDog.dir/usercode/src/app.cpp.obj (__aeabi_atexit)
D:/14.3 rel1/bin/../lib/gcc/arm-none-eabi/14.3.1/../../../../arm-none-eabi/lib/thumb/v7-m/nofp\libstdc++_nano.a(del_ops.o)
                              CMakeFiles/STM32_CyberDog.dir/usercode/src/app.cpp.obj (operator delete(void*, unsigned int))
D:/14.3 rel1/bin/../lib/gcc/arm-none-eabi/14.3.1/../../../../arm-none-eabi/lib/thumb/v7-m/nofp\libstdc++_nano.a(functexcept.o)
                              CMakeFiles/STM32_CyberDog.dir/usercode/src/hc05.cpp.obj (std::__throw_bad_alloc())
D:/14.3 rel1/bin/../lib/gcc/arm-none-eabi/14.3.1/../../../../arm-none-eabi/lib/thumb/v7-m/nofp\libm.a(libm_a-w_atan2.o)
                              CMakeFiles/STM32_CyberDog.dir/usercode/src/mpu6050.cpp.obj (atan2)
D:/14.3 rel1/bin/../lib/gcc/arm-none-eabi/14.3.1/../../../../arm-none-eabi/lib/thumb/v7-m/nofp\libm.a(libm_a-w_sqrt.o)
                              CMakeFiles/STM32_CyberDog.dir/usercode/src/mpu6050.cpp.obj (sqrt)
D:/14.3 rel1/bin/../lib/gcc/arm-none-eabi/14.3.1/../../../../arm-none-eabi/lib/thumb/v7-m/nofp\libm.a(libm_a-e_sqrt.o)
                              D:/14.3 rel1/bin/../lib/gcc/arm-none-eabi/14.3.1/../../../../arm-none-eabi/lib/thumb/v7-m/nofp\libm.a(libm_a-w_sqrt.o) (__ieee754_sqrt)
D:/14.3 rel1/bin/../lib/gcc/arm-none-eabi/14.3.1/../../../../arm-none-eabi/lib/thumb/v7-m/nofp\libm.a(libm_a-sf_round.o)
                              CMakeFiles/STM32_CyberDog.dir/usercode/src/pca9685.cpp.obj (roundf)
D:/14.3 rel1/bin/../lib/gcc/arm-none-eabi/14.3.1/../../../../arm-none-eabi/lib/thumb/v7-m/nofp\libm.a(libm_a-e_atan2.o)
                              D:/14.3 rel1/bin/../lib/gcc/arm-none-eabi/14.3.1/../../../../arm-none-eabi/lib/thumb/v7-m/nofp\libm.a(libm_a-w_atan2.o) (__ieee754_atan2)
D:/14.3 rel1/bin/../lib/gcc/arm-none-eabi/14.3.1/../../../../arm-none-eabi/lib/thumb/v7-m/nofp\libm.a(libm_a-s_atan.o)
                              D:/14.3 rel1/bin/../lib/gcc/arm-none-eabi/14.3.1/../../../../arm-none-eabi/lib/thumb/v7-m/nofp\libm.a(libm_a-e_atan2.o) (atan)
D:/14.3 rel1/bin/../lib/gcc/arm-none-eabi/14.3.1/../../../../arm-none-eabi/lib/thumb/v7-m/nofp\libm.a(libm_a-s_fabs.o)
                              D:/14.3 rel1/bin/../lib/gcc/arm-none-eabi/14.3.1/../../../../arm-none-eabi/lib/thumb/v7-m/nofp\libm.a(libm_a-e_atan2.o) (fabs)
D:/14.3 rel1/bin/../lib/gcc/arm-none-eabi/14.3.1/thumb/v7-m/nofp\libgcc.a(_arm_muldf3.o)
                              CMakeFiles/STM32_CyberDog.dir/usercode/src/mpu6050.cpp.obj (__aeabi_dmul)
D:/14.3 rel1/bin/../lib/gcc/arm-none-eabi/14.3.1/thumb/v7-m/nofp\libgcc.a(_arm_mulsf3.o)
                              CMakeFiles/STM32_CyberDog.dir/usercode/src/mpu6050.cpp.obj (__aeabi_fmul)
D:/14.3 rel1/bin/../lib/gcc/arm-none-eabi/14.3.1/thumb/v7-m/nofp\libgcc.a(_arm_addsubdf3.o)
                              D:/14.3 rel1/bin/../lib/gcc/arm-none-eabi/14.3.1/../../../../arm-none-eabi/lib/thumb/v7-m/nofp\libm.a(libm_a-e_sqrt.o) (__aeabi_dsub)
D:/14.3 rel1/bin/../lib/gcc/arm-none-eabi/14.3.1/thumb/v7-m/nofp\libgcc.a(_arm_muldivdf3.o)
                              D:/14.3 rel1/bin/../lib/gcc/arm-none-eabi/14.3.1/../../../../arm-none-eabi/lib/thumb/v7-m/nofp\libm.a(libm_a-w_sqrt.o) (__aeabi_ddiv)
D:/14.3 rel1/bin/../lib/gcc/arm-none-eabi/14.3.1/thumb/v7-m/nofp\libgcc.a(_arm_cmpdf2.o)
                              D:/14.3 rel1/bin/../lib/gcc/arm-none-eabi/14.3.1/../../../../arm-none-eabi/lib/thumb/v7-m/nofp\libm.a(libm_a-w_sqrt.o) (__aeabi_dcmplt)
D:/14.3 rel1/bin/../lib/gcc/arm-none-eabi/14.3.1/thumb/v7-m/nofp\libgcc.a(_arm_unorddf2.o)
                              D:/14.3 rel1/bin/../lib/gcc/arm-none-eabi/14.3.1/../../../../arm-none-eabi/lib/thumb/v7-m/nofp\libm.a(libm_a-w_sqrt.o) (__aeabi_dcmpun)
D:/14.3 rel1/bin/../lib/gcc/arm-none-eabi/14.3.1/thumb/v7-m/nofp\libgcc.a(_arm_truncdfsf2.o)
                              CMakeFiles/STM32_CyberDog.dir/usercode/src/mpu6050.cpp.obj (__aeabi_d2f)
D:/14.3 rel1/bin/../lib/gcc/arm-none-eabi/14.3.1/thumb/v7-m/nofp\libgcc.a(_arm_addsubsf3.o)
                              CMakeFiles/STM32_CyberDog.dir/usercode/src/pca9685.cpp.obj (__aeabi_fsub)
D:/14.3 rel1/bin/../lib/gcc/arm-none-eabi/14.3.1/thumb/v7-m/nofp\libgcc.a(_arm_muldivsf3.o)
                              CMakeFiles/STM32_CyberDog.dir/usercode/src/mpu6050.cpp.obj (__aeabi_fdiv)
D:/14.3 rel1/bin/../lib/gcc/arm-none-eabi/14.3.1/thumb/v7-m/nofp\libgcc.a(_arm_cmpsf2.o)
                              CMakeFiles/STM32_CyberDog.dir/usercode/src/pca9685.cpp.obj (__aeabi_fcmplt)
D:/14.3 rel1/bin/../lib/gcc/arm-none-eabi/14.3.1/thumb/v7-m/nofp\libgcc.a(_arm_fixunssfsi.o)
                              CMakeFiles/STM32_CyberDog.dir/usercode/src/pca9685.cpp.obj (__aeabi_f2uiz)
[...]
Memory Configuration

Name             Origin             Length             Attributes
RAM              0x20000000         0x00005000         xrw
FLASH            0x08000000         0x00010000         xr
*default*        0x00000000         0xffffffff

Linker script and memory map

LOAD D:/14.3 rel1/bin/../lib/gcc/arm-none-eabi/14.3.1/thumb/v7-m/nofp/crti.o
LOAD D:/14.3 rel1/bin/../lib/gcc/arm-none-eabi/14.3.1/thumb/v7-m/nofp/crtbegin.o
LOAD D:/14.3 rel1/bin/../lib/gcc/arm-none-eabi/14.3.1/../../../../arm-none-eabi/lib/thumb/v7-m/nofp/crt0.o
LOAD cmake/stm32cubemx/CMakeFiles/STM32_Drivers.dir/__/__/Core/Src/system_stm32f1xx.c.obj
LOAD cmake/stm32cubemx/CMakeFiles/STM32_Drivers.dir/__/__/Drivers/STM32F1xx_HAL_Driver/Src/stm32f1xx_hal_gpio_ex.c.obj
LOAD cmake/stm32cubemx/CMakeFiles/STM32_Drivers.dir/__/__/Drivers/STM32F1xx_HAL_Driver/Src/stm32f1xx_hal_tim.c.obj
LOAD cmake/stm32cubemx/CMakeFiles/STM32_Drivers.dir/__/__/Drivers/STM32F1xx_HAL_Driver/Src/stm32f1xx_hal_tim_ex.c.obj
LOAD cmake/stm32cubemx/CMakeFiles/STM32_Drivers.dir/__/__/Drivers/STM32F1xx_HAL_Driver/Src/stm32f1xx_hal.c.obj
LOAD cmake/stm32cubemx/CMakeFiles/STM32_Drivers.dir/__/__/Drivers/STM32F1xx_HAL_Driver/Src/stm32f1xx_hal_rcc.c.obj
LOAD cmake/stm32cubemx/CMakeFiles/STM32_Drivers.dir/__/__/Drivers/STM32F1xx_HAL_Driver/Src/stm32f1xx_hal_rcc_ex.c.obj
LOAD cmake/stm32cubemx/CMakeFiles/STM32_Drivers.dir/__/__/Drivers/STM32F1xx_HAL_Driver/Src/stm32f1xx_hal_gpio.c.obj
LOAD cmake/stm32cubemx/CMakeFiles/STM32_Drivers.dir/__/__/Drivers/STM32F1xx_HAL_Driver/Src/stm32f1xx_hal_dma.c.obj
LOAD cmake/stm32cubemx/CMakeFiles/STM32_Drivers.dir/__/__/Drivers/STM32F1xx_HAL_Driver/Src/stm32f1xx_hal_cortex.c.obj
LOAD cmake/stm32cubemx/CMakeFiles/STM32_Drivers.dir/__/__/Drivers/STM32F1xx_HAL_Driver/Src/stm32f1xx_hal_pwr.c.obj
LOAD cmake/stm32cubemx/CMakeFiles/STM32_Drivers.dir/__/__/Drivers/STM32F1xx_HAL_Driver/Src/stm32f1xx_hal_flash.c.obj
LOAD cmake/stm32cubemx/CMakeFiles/STM32_Drivers.dir/__/__/Drivers/STM32F1xx_HAL_Driver/Src/stm32f1xx_hal_flash_ex.c.obj
LOAD cmake/stm32cubemx/CMakeFiles/STM32_Drivers.dir/__/__/Drivers/STM32F1xx_HAL_Driver/Src/stm32f1xx_hal_exti.c.obj
LOAD cmake/stm32cubemx/CMakeFiles/STM32_Drivers.dir/__/__/Drivers/STM32F1xx_HAL_Driver/Src/stm32f1xx_hal_i2c.c.obj
LOAD cmake/stm32cubemx/CMakeFiles/STM32_Drivers.dir/__/__/Drivers/STM32F1xx_HAL_Driver/Src/stm32f1xx_hal_uart.c.obj
LOAD cmake/stm32cubemx/CMakeFiles/FreeRTOS.dir/__/__/Middlewares/Third_Party/FreeRTOS/Source/croutine.c.obj
LOAD cmake/stm32cubemx/CMakeFiles/FreeRTOS.dir/__/__/Middlewares/Third_Party/FreeRTOS/Source/event_groups.c.obj
LOAD cmake/stm32cubemx/CMakeFiles/FreeRTOS.dir/__/__/Middlewares/Third_Party/FreeRTOS/Source/list.c.obj
LOAD cmake/stm32cubemx/CMakeFiles/FreeRTOS.dir/__/__/Middlewares/Third_Party/FreeRTOS/Source/queue.c.obj
LOAD cmake/stm32cubemx/CMakeFiles/FreeRTOS.dir/__/__/Middlewares/Third_Party/FreeRTOS/Source/stream_buffer.c.obj
LOAD cmake/stm32cubemx/CMakeFiles/FreeRTOS.dir/__/__/Middlewares/Third_Party/FreeRTOS/Source/tasks.c.obj
LOAD cmake/stm32cubemx/CMakeFiles/FreeRTOS.dir/__/__/Middlewares/Third_Party/FreeRTOS/Source/timers.c.obj
LOAD cmake/stm32cubemx/CMakeFiles/FreeRTOS.dir/__/__/Middlewares/Third_Party/FreeRTOS/Source/CMSIS_RTOS_V2/cmsis_os2.c.obj
LOAD cmake/stm32cubemx/CMakeFiles/FreeRTOS.dir/__/__/Middlewares/Third_Party/FreeRTOS/Source/portable/MemMang/heap_4.c.obj
LOAD cmake/stm32cubemx/CMakeFiles/FreeRTOS.dir/__/__/Middlewares/Third_Party/FreeRTOS/Source/portable/GCC/ARM_CM3/port.c.obj
LOAD CMakeFiles/STM32_CyberDog.dir/Core/Src/main.c.obj
LOAD CMakeFiles/STM32_CyberDog.dir/Core/Src/gpio.c.obj
LOAD CMakeFiles/STM32_CyberDog.dir/Core/Src/freertos.c.obj
LOAD CMakeFiles/STM32_CyberDog.dir/Core/Src/i2c.c.obj
LOAD CMakeFiles/STM32_CyberDog.dir/Core/Src/usart.c.obj
LOAD CMakeFiles/STM32_CyberDog.dir/Core/Src/stm32f1xx_it.c.obj
LOAD CMakeFiles/STM32_CyberDog.dir/Core/Src/stm32f1xx_hal_msp.c.obj
LOAD CMakeFiles/STM32_CyberDog.dir/Core/Src/stm32f1xx_hal_timebase_tim.c.obj
LOAD CMakeFiles/STM32_CyberDog.dir/Core/Src/sysmem.c.obj
LOAD CMakeFiles/STM32_CyberDog.dir/Core/Src/syscalls.c.obj
LOAD CMakeFiles/STM32_CyberDog.dir/startup_stm32f103xb.s.obj
LOAD CMakeFiles/STM32_CyberDog.dir/usercode/src/app.cpp.obj
LOAD CMakeFiles/STM32_CyberDog.dir/usercode/src/arena.cpp.obj
LOAD CMakeFiles/STM32_CyberDog.dir/usercode/src/hc05.cpp.obj
LOAD CMakeFiles/STM32_CyberDog.dir/usercode/src/mpu6050.cpp.obj
LOAD CMakeFiles/STM32_CyberDog.dir/usercode/src/pca9685.cpp.obj
LOAD D:/14.3 rel1/bin/../lib/gcc/arm-none-eabi/14.3.1/../../../../arm-none-eabi/lib/thumb/v7-m/nofp\libstdc++_nano.a
LOAD D:/14.3 rel1/bin/../lib/gcc/arm-none-eabi/14.3.1/../../../../arm-none-eabi/lib/thumb/v7-m/nofp\libm.a
START GROUP
LOAD D:/14.3 rel1/bin/../lib/gcc/arm-none-eabi/14.3.1/thumb/v7-m/nofp\libgcc.a
LOAD D:/14.3 rel1/bin/../lib/gcc/arm-none-eabi/14.3.1/../../../../arm-none-eabi/lib/thumb/v7-m/nofp\libg_nano.a
LOAD D:/14.3 rel1/bin/../lib/gcc/arm-none-eabi/14.3.1/../../../../arm-none-eabi/lib/thumb/v7-m/nofp\libc_nano.a
END GROUP
START GROUP
LOAD D:/14.3 rel1/bin/../lib/gcc/arm-none-eabi/14.3.1/thumb/v7-m/nofp\libgcc.a
LOAD D:/14.3 rel1/bin/../lib/gcc/arm-none-eabi/14.3.1/../../../../arm-none-eabi/lib/thumb/v7-m/nofp\libc_nano.a
END GROUP
LOAD D:/14.3 rel1/bin/../lib/gcc/arm-none-eabi/14.3.1/thumb/v7-m/nofp/crtend.o
LOAD D:/14.3 rel1/bin/../lib/gcc/arm-none-eabi/14.3.1/thumb/v7-m/nofp/crtn.o
                0x20005000                        _estack = (ORIGIN (RAM) + LENGTH (RAM))
                0x00000200                        _Min_Heap_Size = 0x200
                0x00000400                        _Min_Stack_Size = 0x400

.isr_vector     0x08000000      0x10c
                0x08000000                        . = ALIGN (0x4)
 *(.isr_vector)
 .isr_vector    0x08000000      0x10c CMakeFiles/STM32_CyberDog.dir/startup_stm32f103xb.s.obj
                0x08000000                g_pfnVectors
                0x0800010c                        . = ALIGN (0x4)

.text           0x08000110     0x70a8
                0x08000110                        . = ALIGN (0x4)
 *(.text)
 .text          0x08000110       0x10 D:/14.3 rel1/bin/../lib/gcc/arm-none-eabi/14.3.1/../../../../arm-none-eabi/lib/thumb/v7-m/nofp\libg_nano.a(libc_a-strlen.o)
                0x08000110                strlen
 *(.text*)
 .text.deregister_tm_clones
                0x08000120       0x1c D:/14.3 rel1/bin/../lib/gcc/arm-none-eabi/14.3.1/thumb/v7-m/nofp/crtbegin.o
 .text.register_tm_clones
                0x0800013c       0x24 D:/14.3 rel1/bin/../lib/gcc/arm-none-eabi/14.3.1/thumb/v7-m/nofp/crtbegin.o
 .text.__do_global_dtors_aux
                0x08000160       0x28 D:/14.3 rel1/bin/../lib/gcc/arm-none-eabi/14.3.1/thumb/v7-m/nofp/crtbegin.o
 .text.frame_dummy
                0x08000188       0x24 D:/14.3 rel1/bin/../lib/gcc/arm-none-eabi/14.3.1/thumb/v7-m/nofp/crtbegin.o
 .text.SystemInit
                0x080001ac        0xc cmake/stm32cubemx/CMakeFiles/STM32_Drivers.dir/__/__/Core/Src/system_stm32f1xx.c.obj
                0x080001ac                SystemInit
 .text.HAL_TIM_Base_Init
                0x080001b8       0x9e cmake/stm32cubemx/CMakeFiles/STM32_Drivers.dir/__/__/Drivers/STM32F1xx_HAL_Driver/Src/stm32f1xx_hal_tim.c.obj
                0x080001b8                HAL_TIM_Base_Init
 .text.HAL_TIM_Base_MspInit
                0x08000256       0x12 cmake/stm32cubemx/CMakeFiles/STM32_Drivers.dir/__/__/Drivers/STM32F1xx_HAL_Driver/Src/stm32f1xx_hal_tim.c.obj
                0x08000256                HAL_TIM_Base_MspInit
 .text.HAL_TIM_Base_Start_IT
                0x08000268       0xa4 cmake/stm32cubemx/CMakeFiles/STM32_Drivers.dir/__/__/Drivers/STM32F1xx_HAL_Driver/Src/stm32f1xx_hal_tim.c.obj
                0x08000268                HAL_TIM_Base_Start_IT
 .text.HAL_TIM_IRQHandler
                0x0800030c      0x1e0 cmake/stm32cubemx/CMakeFiles/STM32_Drivers.dir/__/__/Drivers/STM32F1xx_HAL_Driver/Src/stm32f1xx_hal_tim.c.obj
                0x0800030c                HAL_TIM_IRQHandler
 .text.HAL_TIM_OC_DelayElapsedCallback
                0x080004ec       0x12 cmake/stm32cubemx/CMakeFiles/STM32_Drivers.dir/__/__/Drivers/STM32F1xx_HAL_Driver/Src/stm32f1xx_hal_tim.c.obj
                0x080004ec                HAL_TIM_OC_DelayElapsedCallback
 .text.HAL_TIM_IC_CaptureCallback
                0x080004fe       0x12 cmake/stm32cubemx/CMakeFiles/STM32_Drivers.dir/__/__/Drivers/STM32F1xx_HAL_Driver/Src/stm32f1xx_hal_tim.c.obj
                0x080004fe                HAL_TIM_IC_CaptureCallback
 .text.HAL_TIM_PWM_PulseFinishedCallback
                0x08000510       0x12 cmake/stm32cubemx/CMakeFiles/STM32_Drivers.dir/__/__/Drivers/STM32F1xx_HAL_Driver/Src/stm32f1xx_hal_tim.c.obj
                0x08000510                HAL_TIM_PWM_PulseFinishedCallback
 .text.HAL_TIM_TriggerCallback
                0x08000522       0x12 cmake/stm32cubemx/CMakeFiles/STM32_Drivers.dir/__/__/Drivers/STM32F1xx_HAL_Driver/Src/stm32f1xx_hal_tim.c.obj
                0x08000522                HAL_TIM_TriggerCallback
 .text.TIM_Base_SetConfig
                0x08000534       0xdc cmake/stm32cubemx/CMakeFiles/STM32_Drivers.dir/__/__/Drivers/STM32F1xx_HAL_Driver/Src/stm32f1xx_hal_tim.c.obj
                0x08000534                TIM_Base_SetConfig
 .text.HAL_TIMEx_CommutCallback
                0x08000610       0x12 cmake/stm32cubemx/CMakeFiles/STM32_Drivers.dir/__/__/Drivers/STM32F1xx_HAL_Driver/Src/stm32f1xx_hal_tim_ex.c.obj
                0x08000610                HAL_TIMEx_CommutCallback
 .text.HAL_TIMEx_BreakCallback
                0x08000622       0x12 cmake/stm32cubemx/CMakeFiles/STM32_Drivers.dir/__/__/Drivers/STM32F1xx_HAL_Driver/Src/stm32f1xx_hal_tim_ex.c.obj
                0x08000622                HAL_TIMEx_BreakCallback
 .text.HAL_Init
                0x08000634       0x2c cmake/stm32cubemx/CMakeFiles/STM32_Drivers.dir/__/__/Drivers/STM32F1xx_HAL_Driver/Src/stm32f1xx_hal.c.obj
                0x08000634                HAL_Init
 .text.HAL_IncTick
                0x08000660       0x24 cmake/stm32cubemx/CMakeFiles/STM32_Drivers.dir/__/__/Drivers/STM32F1xx_HAL_Driver/Src/stm32f1xx_hal.c.obj
                0x08000660                HAL_IncTick
 .text.HAL_GetTick
                0x08000684       0x14 cmake/stm32cubemx/CMakeFiles/STM32_Drivers.dir/__/__/Drivers/STM32F1xx_HAL_Driver/Src/stm32f1xx_hal.c.obj
                0x08000684                HAL_GetTick
 .text.HAL_RCC_OscConfig
                0x08000698      0x504 cmake/stm32cubemx/CMakeFiles/STM32_Drivers.dir/__/__/Drivers/STM32F1xx_HAL_Driver/Src/stm32f1xx_hal_rcc.c.obj
                0x08000698                HAL_RCC_OscConfig
 .text.HAL_RCC_ClockConfig
                0x08000b9c      0x1d4 cmake/stm32cubemx/CMakeFiles/STM32_Drivers.dir/__/__/Drivers/STM32F1xx_HAL_Driver/Src/stm32f1xx_hal_rcc.c.obj
                0x08000b9c                HAL_RCC_ClockConfig
 .text.HAL_RCC_GetSysClockFreq
                0x08000d70       0xa8 cmake/stm32cubemx/CMakeFiles/STM32_Drivers.dir/__/__/Drivers/STM32F1xx_HAL_Driver/Src/stm32f1xx_hal_rcc.c.obj
                0x08000d70                HAL_RCC_GetSysClockFreq
 .text.HAL_RCC_GetHCLKFreq
                0x08000e18       0x14 cmake/stm32cubemx/CMakeFiles/STM32_Drivers.dir/__/__/Drivers/STM32F1xx_HAL_Driver/Src/stm32f1xx_hal_rcc.c.obj
                0x08000e18                HAL_RCC_GetHCLKFreq
 .text.HAL_RCC_GetPCLK1Freq
                0x08000e2c       0x28 cmake/stm32cubemx/CMakeFiles/STM32_Drivers.dir/__/__/Drivers/STM32F1xx_HAL_Driver/Src/stm32f1xx_hal_rcc.c.obj
                0x08000e2c                HAL_RCC_GetPCLK1Freq
 .text.HAL_RCC_GetPCLK2Freq
                0x08000e54       0x28 cmake/stm32cubemx/CMakeFiles/STM32_Drivers.dir/__/__/Drivers/STM32F1xx_HAL_Driver/Src/stm32f1xx_hal_rcc.c.obj
                0x08000e54                HAL_RCC_GetPCLK2Freq
 .text.HAL_RCC_GetClockConfig
                0x08000e7c       0x60 cmake/stm32cubemx/CMakeFiles/STM32_Drivers.dir/__/__/Drivers/STM32F1xx_HAL_Driver/Src/stm32f1xx_hal_rcc.c.obj
                0x08000e7c                HAL_RCC_GetClockConfig
 .text.RCC_Delay
                0x08000edc       0x3c cmake/stm32cubemx/CMakeFiles/STM32_Drivers.dir/__/__/Drivers/STM32F1xx_HAL_Driver/Src/stm32f1xx_hal_rcc.c.obj
 .text.HAL_GPIO_Init
                0x08000f18      0x308 cmake/stm32cubemx/CMakeFiles/STM32_Drivers.dir/__/__/Drivers/STM32F1xx_HAL_Driver/Src/stm32f1xx_hal_gpio.c.obj
                0x08000f18                HAL_GPIO_Init
 .text.HAL_GPIO_WritePin
                0x08001220       0x30 cmake/stm32cubemx/CMakeFiles/STM32_Drivers.dir/__/__/Drivers/STM32F1xx_HAL_Driver/Src/stm32f1xx_hal_gpio.c.obj
                0x08001220                HAL_GPIO_WritePin
 .text.HAL_GPIO_TogglePin
                0x08001250       0x32 cmake/stm32cubemx/CMakeFiles/STM32_Drivers.dir/__/__/Drivers/STM32F1xx_HAL_Driver/Src/stm32f1xx_hal_gpio.c.obj
                0x08001250                HAL_GPIO_TogglePin
 .text.HAL_DMA_Abort
                0x08001282       0x76 cmake/stm32cubemx/CMakeFiles/STM32_Drivers.dir/__/__/Drivers/STM32F1xx_HAL_Driver/Src/stm32f1xx_hal_dma.c.obj
                0x08001282                HAL_DMA_Abort
 .text.HAL_DMA_Abort_IT
                0x080012f8       0xf0 cmake/stm32cubemx/CMakeFiles/STM32_Drivers.dir/__/__/Drivers/STM32F1xx_HAL_Driver/Src/stm32f1xx_hal_dma.c.obj
                0x080012f8                HAL_DMA_Abort_IT
 .text.__NVIC_SetPriorityGrouping
                0x080013e8       0x48 cmake/stm32cubemx/CMakeFiles/STM32_Drivers.dir/__/__/Drivers/STM32F1xx_HAL_Driver/Src/stm32f1xx_hal_cortex.c.obj
 .text.__NVIC_GetPriorityGrouping
                0x08001430       0x1c cmake/stm32cubemx/CMakeFiles/STM32_Drivers.dir/__/__/Drivers/STM32F1xx_HAL_Driver/Src/stm32f1xx_hal_cortex.c.obj
 .text.__NVIC_EnableIRQ
                0x0800144c       0x38 cmake/stm32cubemx/CMakeFiles/STM32_Drivers.dir/__/__/Drivers/STM32F1xx_HAL_Driver/Src/stm32f1xx_hal_cortex.c.obj
 .text.__NVIC_SetPriority
                0x08001484       0x54 cmake/stm32cubemx/CMakeFiles/STM32_Drivers.dir/__/__/Drivers/STM32F1xx_HAL_Driver/Src/stm32f1xx_hal_cortex.c.obj
 .text.NVIC_EncodePriority
                0x080014d8       0x64 cmake/stm32cubemx/CMakeFiles/STM32_Drivers.dir/__/__/Drivers/STM32F1xx_HAL_Driver/Src/stm32f1xx_hal_cortex.c.obj
 .text.HAL_NVIC_SetPriorityGrouping
                0x0800153c       0x16 cmake/stm32cubemx/CMakeFiles/STM32_Drivers.dir/__/__/Drivers/STM32F1xx_HAL_Driver/Src/stm32f1xx_hal_cortex.c.obj
                0x0800153c                HAL_NVIC_SetPriorityGrouping
 .text.HAL_NVIC_SetPriority
                0x08001552       0x38 cmake/stm32cubemx/CMakeFiles/STM32_Drivers.dir/__/__/Drivers/STM32F1xx_HAL_Driver/Src/stm32f1xx_hal_cortex.c.obj
                0x08001552                HAL_NVIC_SetPriority
 .text.HAL_NVIC_EnableIRQ
                0x0800158a       0x1c cmake/stm32cubemx/CMakeFiles/STM32_Drivers.dir/__/__/Drivers/STM32F1xx_HAL_Driver/Src/stm32f1xx_hal_cortex.c.obj
                0x0800158a                HAL_NVIC_EnableIRQ
 *fill*         0x080015a6        0x2 
 .text.HAL_I2C_Init
                0x080015a8      0x288 cmake/stm32cubemx/CMakeFiles/STM32_Drivers.dir/__/__/Drivers/STM32F1xx_HAL_Driver/Src/stm32f1xx_hal_i2c.c.obj
                0x080015a8                HAL_I2C_Init
 .text.HAL_UART_Init
                0x08001830       0xbc cmake/stm32cubemx/CMakeFiles/STM32_Drivers.dir/__/__/Drivers/STM32F1xx_HAL_Driver/Src/stm32f1xx_hal_uart.c.obj
                0x08001830                HAL_UART_Init
 .text.HAL_UART_RegisterCallback
                0x080018ec      0x12c cmake/stm32cubemx/CMakeFiles/STM32_Drivers.dir/__/__/Drivers/STM32F1xx_HAL_Driver/Src/stm32f1xx_hal_uart.c.obj
                0x080018ec                HAL_UART_RegisterCallback
 .text.HAL_UART_Transmit
                0x08001a18      0x116 cmake/stm32cubemx/CMakeFiles/STM32_Drivers.dir/__/__/Drivers/STM32F1xx_HAL_Driver/Src/stm32f1xx_hal_uart.c.obj
                0x08001a18                HAL_UART_Transmit
 .text.HAL_UART_Receive_IT
                0x08001b2e       0x4a cmake/stm32cubemx/CMakeFiles/STM32_Drivers.dir/__/__/Drivers/STM32F1xx_HAL_Driver/Src/stm32f1xx_hal_uart.c.obj
                0x08001b2e                HAL_UART_Receive_IT
 .text.HAL_UART_IRQHandler
                0x08001b78      0x530 cmake/stm32cubemx/CMakeFiles/STM32_Drivers.dir/__/__/Drivers/STM32F1xx_HAL_Driver/Src/stm32f1xx_hal_uart.c.obj
                0x08001b78                HAL_UART_IRQHandler
 .text.HAL_UART_TxCpltCallback
                0x080020a8       0x12 cmake/stm32cubemx/CMakeFiles/STM32_Drivers.dir/__/__/Drivers/STM32F1xx_HAL_Driver/Src/stm32f1xx_hal_uart.c.obj
                0x080020a8                HAL_UART_TxCpltCallback
 .text.HAL_UART_TxHalfCpltCallback
                0x080020ba       0x12 cmake/stm32cubemx/CMakeFiles/STM32_Drivers.dir/__/__/Drivers/STM32F1xx_HAL_Driver/Src/stm32f1xx_hal_uart.c.obj
                0x080020ba                HAL_UART_TxHalfCpltCallback
 .text.HAL_UART_RxCpltCallback
                0x080020cc       0x12 cmake/stm32cubemx/CMakeFiles/STM32_Drivers.dir/__/__/Drivers/STM32F1xx_HAL_Driver/Src/stm32f1xx_hal_uart.c.obj
                0x080020cc                HAL_UART_RxCpltCallback
 .text.HAL_UART_RxHalfCpltCallback
                0x080020de       0x12 cmake/stm32cubemx/CMakeFiles/STM32_Drivers.dir/__/__/Drivers/STM32F1xx_HAL_Driver/Src/stm32f1xx_hal_uart.c.obj
                0x080020de                HAL_UART_RxHalfCpltCallback
 .text.HAL_UART_ErrorCallback
                0x080020f0       0x12 cmake/stm32cubemx/CMakeFiles/STM32_Drivers.dir/__/__/Drivers/STM32F1xx_HAL_Driver/Src/stm32f1xx_hal_uart.c.obj
                0x080020f0                HAL_UART_ErrorCallback
 .text.HAL_UART_AbortCpltCallback
                0x08002102       0x12 cmake/stm32cubemx/CMakeFiles/STM32_Drivers.dir/__/__/Drivers/STM32F1xx_HAL_Driver/Src/stm32f1xx_hal_uart.c.obj
                0x08002102                HAL_UART_AbortCpltCallback
 .text.HAL_UART_AbortTransmitCpltCallback
                0x08002114       0x12 cmake/stm32cubemx/CMakeFiles/STM32_Drivers.dir/__/__/Drivers/STM32F1xx_HAL_Driver/Src/stm32f1xx_hal_uart.c.obj
                0x08002114                HAL_UART_AbortTransmitCpltCallback
 .text.HAL_UART_AbortReceiveCpltCallback
                0x08002126       0x12 cmake/stm32cubemx/CMakeFiles/STM32_Drivers.dir/__/__/Drivers/STM32F1xx_HAL_Driver/Src/stm32f1xx_hal_uart.c.obj
                0x08002126                HAL_UART_AbortReceiveCpltCallback
 .text.HAL_UARTEx_RxEventCallback
                0x08002138       0x16 cmake/stm32cubemx/CMakeFiles/STM32_Drivers.dir/__/__/Drivers/STM32F1xx_HAL_Driver/Src/stm32f1xx_hal_uart.c.obj
                0x08002138                HAL_UARTEx_RxEventCallback
 *fill*         0x0800214e        0x2 
 .text.UART_InitCallbacksToDefault
                0x08002150       0x6c cmake/stm32cubemx/CMakeFiles/STM32_Drivers.dir/__/__/Drivers/STM32F1xx_HAL_Driver/Src/stm32f1xx_hal_uart.c.obj
                0x08002150                UART_InitCallbacksToDefault
 .text.UART_WaitOnFlagUntilTimeout
                0x080021bc       0xb2 cmake/stm32cubemx/CMakeFiles/STM32_Drivers.dir/__/__/Drivers/STM32F1xx_HAL_Driver/Src/stm32f1xx_hal_uart.c.obj
 .text.UART_Start_Receive_IT
                0x0800226e       0x72 cmake/stm32cubemx/CMakeFiles/STM32_Drivers.dir/__/__/Drivers/STM32F1xx_HAL_Driver/Src/stm32f1xx_hal_uart.c.obj
                0x0800226e                UART_Start_Receive_IT
 .text.UART_EndRxTransfer
                0x080022e0       0xc4 cmake/stm32cubemx/CMakeFiles/STM32_Drivers.dir/__/__/Drivers/STM32F1xx_HAL_Driver/Src/stm32f1xx_hal_uart.c.obj
 .text.UART_DMAAbortOnError
                0x080023a4       0x2a cmake/stm32cubemx/CMakeFiles/STM32_Drivers.dir/__/__/Drivers/STM32F1xx_HAL_Driver/Src/stm32f1xx_hal_uart.c.obj
 .text.UART_Transmit_IT
                0x080023ce       0x9e cmake/stm32cubemx/CMakeFiles/STM32_Drivers.dir/__/__/Drivers/STM32F1xx_HAL_Driver/Src/stm32f1xx_hal_uart.c.obj
 .text.UART_EndTransmit_IT
                0x0800246c       0x32 cmake/stm32cubemx/CMakeFiles/STM32_Drivers.dir/__/__/Drivers/STM32F1xx_HAL_Driver/Src/stm32f1xx_hal_uart.c.obj
 .text.UART_Receive_IT
                0x0800249e      0x180 cmake/stm32cubemx/CMakeFiles/STM32_Drivers.dir/__/__/Drivers/STM32F1xx_HAL_Driver/Src/stm32f1xx_hal_uart.c.obj
 *fill*         0x0800261e        0x2 
 .text.UART_SetConfig
                0x08002620      0x11c cmake/stm32cubemx/CMakeFiles/STM32_Drivers.dir/__/__/Drivers/STM32F1xx_HAL_Driver/Src/stm32f1xx_hal_uart.c.obj
 .text.vListInitialise
                0x0800273c       0x3e cmake/stm32cubemx/CMakeFiles/FreeRTOS.dir/__/__/Middlewares/Third_Party/FreeRTOS/Source/list.c.obj
                0x0800273c                vListInitialise
 .text.vListInitialiseItem
                0x0800277a       0x18 cmake/stm32cubemx/CMakeFiles/FreeRTOS.dir/__/__/Middlewares/Third_Party/FreeRTOS/Source/list.c.obj
                0x0800277a                vListInitialiseItem
 .text.vListInsertEnd
                0x08002792       0x46 cmake/stm32cubemx/CMakeFiles/FreeRTOS.dir/__/__/Middlewares/Third_Party/FreeRTOS/Source/list.c.obj
                0x08002792                vListInsertEnd
 .text.vListInsert
                0x080027d8       0x70 cmake/stm32cubemx/CMakeFiles/FreeRTOS.dir/__/__/Middlewares/Third_Party/FreeRTOS/Source/list.c.obj
                0x080027d8                vListInsert
 .text.uxListRemove
                0x08002848       0x52 cmake/stm32cubemx/CMakeFiles/FreeRTOS.dir/__/__/Middlewares/Third_Party/FreeRTOS/Source/list.c.obj
                0x08002848                uxListRemove
 *fill*         0x0800289a        0x2 
 .text.xQueueGenericReset
                0x0800289c       0xd4 cmake/stm32cubemx/CMakeFiles/FreeRTOS.dir/__/__/Middlewares/Third_Party/FreeRTOS/Source/queue.c.obj
                0x0800289c                xQueueGenericReset
 .text.xQueueGenericCreateStatic
                0x08002970       0xfa cmake/stm32cubemx/CMakeFiles/FreeRTOS.dir/__/__/Middlewares/Third_Party/FreeRTOS/Source/queue.c.obj
                0x08002970                xQueueGenericCreateStatic
 .text.xQueueGenericCreate
                0x08002a6a       0x76 cmake/stm32cubemx/CMakeFiles/FreeRTOS.dir/__/__/Middlewares/Third_Party/FreeRTOS/Source/queue.c.obj
                0x08002a6a                xQueueGenericCreate
 .text.prvInitialiseNewQueue
                0x08002ae0       0x46 cmake/stm32cubemx/CMakeFiles/FreeRTOS.dir/__/__/Middlewares/Third_Party/FreeRTOS/Source/queue.c.obj
 .text.prvInitialiseMutex
                0x08002b26       0x34 cmake/stm32cubemx/CMakeFiles/FreeRTOS.dir/__/__/Middlewares/Third_Party/FreeRTOS/Source/queue.c.obj
 .text.xQueueCreateMutex
                0x08002b5a       0x30 cmake/stm32cubemx/CMakeFiles/FreeRTOS.dir/__/__/Middlewares/Third_Party/FreeRTOS/Source/queue.c.obj
                0x08002b5a                xQueueCreateMutex
 .text.xQueueCreateMutexStatic
                0x08002b8a       0x36 cmake/stm32cubemx/CMakeFiles/FreeRTOS.dir/__/__/Middlewares/Third_Party/FreeRTOS/Source/queue.c.obj
                0x08002b8a                xQueueCreateMutexStatic
 .text.xQueueGiveMutexRecursive
                0x08002bc0       0x6a cmake/stm32cubemx/CMakeFiles/FreeRTOS.dir/__/__/Middlewares/Third_Party/FreeRTOS/Source/queue.c.obj
                0x08002bc0                xQueueGiveMutexRecursive
 .text.xQueueTakeMutexRecursive
                0x08002c2a       0x6e cmake/stm32cubemx/CMakeFiles/FreeRTOS.dir/__/__/Middlewares/Third_Party/FreeRTOS/Source/queue.c.obj
                0x08002c2a                xQueueTakeMutexRecursive
 .text.xQueueGenericSend
                0x08002c98      0x204 cmake/stm32cubemx/CMakeFiles/FreeRTOS.dir/__/__/Middlewares/Third_Party/FreeRTOS/Source/queue.c.obj
                0x08002c98                xQueueGenericSend
 .text.xQueueGenericSendFromISR
                0x08002e9c      0x13c cmake/stm32cubemx/CMakeFiles/FreeRTOS.dir/__/__/Middlewares/Third_Party/FreeRTOS/Source/queue.c.obj
                0x08002e9c                xQueueGenericSendFromISR
 .text.xQueueReceive
                0x08002fd8      0x1c4 cmake/stm32cubemx/CMakeFiles/FreeRTOS.dir/__/__/Middlewares/Third_Party/FreeRTOS/Source/queue.c.obj
                0x08002fd8                xQueueReceive
 .text.xQueueSemaphoreTake
                0x0800319c      0x220 cmake/stm32cubemx/CMakeFiles/FreeRTOS.dir/__/__/Middlewares/Third_Party/FreeRTOS/Source/queue.c.obj
                0x0800319c                xQueueSemaphoreTake
 .text.xQueueReceiveFromISR
                0x080033bc      0x104 cmake/stm32cubemx/CMakeFiles/FreeRTOS.dir/__/__/Middlewares/Third_Party/FreeRTOS/Source/queue.c.obj
                0x080033bc                xQueueReceiveFromISR
 .text.prvGetDisinheritPriorityAfterTimeout
                0x080034c0       0x2e cmake/stm32cubemx/CMakeFiles/FreeRTOS.dir/__/__/Middlewares/Third_Party/FreeRTOS/Source/queue.c.obj
 .text.prvCopyDataToQueue
                0x080034ee       0xd4 cmake/stm32cubemx/CMakeFiles/FreeRTOS.dir/__/__/Middlewares/Third_Party/FreeRTOS/Source/queue.c.obj
 .text.prvCopyDataFromQueue
                0x080035c2       0x4c cmake/stm32cubemx/CMakeFiles/FreeRTOS.dir/__/__/Middlewares/Third_Party/FreeRTOS/Source/queue.c.obj
 .text.prvUnlockQueue
                0x0800360e       0xa4 cmake/stm32cubemx/CMakeFiles/FreeRTOS.dir/__/__/Middlewares/Third_Party/FreeRTOS/Source/queue.c.obj
 .text.prvIsQueueEmpty
                0x080036b2       0x2c cmake/stm32cubemx/CMakeFiles/FreeRTOS.dir/__/__/Middlewares/Third_Party/FreeRTOS/Source/queue.c.obj
 .text.prvIsQueueFull
                0x080036de       0x30 cmake/stm32cubemx/CMakeFiles/FreeRTOS.dir/__/__/Middlewares/Third_Party/FreeRTOS/Source/queue.c.obj
 *fill*         0x0800370e        0x2 
 .text.vQueueAddToRegistry
                0x08003710       0x50 cmake/stm32cubemx/CMakeFiles/FreeRTOS.dir/__/__/Middlewares/Third_Party/FreeRTOS/Source/queue.c.obj
                0x08003710                vQueueAddToRegistry
 .text.vQueueWaitForMessageRestricted
                0x08003760       0x68 cmake/stm32cubemx/CMakeFiles/FreeRTOS.dir/__/__/Middlewares/Third_Party/FreeRTOS/Source/queue.c.obj
                0x08003760                vQueueWaitForMessageRestricted
 .text.xTaskCreateStatic
                0x080037c8       0xc0 cmake/stm32cubemx/CMakeFiles/FreeRTOS.dir/__/__/Middlewares/Third_Party/FreeRTOS/Source/tasks.c.obj
                0x080037c8                xTaskCreateStatic
 .text.xTaskCreate
                0x08003888       0x8a cmake/stm32cubemx/CMakeFiles/FreeRTOS.dir/__/__/Middlewares/Third_Party/FreeRTOS/Source/tasks.c.obj
                0x08003888                xTaskCreate
 .text.prvInitialiseNewTask
                0x08003912      0x120 cmake/stm32cubemx/CMakeFiles/FreeRTOS.dir/__/__/Middlewares/Third_Party/FreeRTOS/Source/tasks.c.obj
 *fill*         0x08003a32        0x2 
 .text.prvAddNewTaskToReadyList
                0x08003a34       0xe0 cmake/stm32cubemx/CMakeFiles/FreeRTOS.dir/__/__/Middlewares/Third_Party/FreeRTOS/Source/tasks.c.obj
 .text.vTaskDelay
                0x08003b14       0x6c cmake/stm32cubemx/CMakeFiles/FreeRTOS.dir/__/__/Middlewares/Third_Party/FreeRTOS/Source/tasks.c.obj
                0x08003b14                vTaskDelay
 .text.vTaskStartScheduler
                0x08003b80       0xd0 cmake/stm32cubemx/CMakeFiles/FreeRTOS.dir/__/__/Middlewares/Third_Party/FreeRTOS/Source/tasks.c.obj
                0x08003b80                vTaskStartScheduler
 .text.vTaskSuspendAll
                0x08003c50       0x1c cmake/stm32cubemx/CMakeFiles/FreeRTOS.dir/__/__/Middlewares/Third_Party/FreeRTOS/Source/tasks.c.obj
                0x08003c50                vTaskSuspendAll
 .text.xTaskResumeAll
                0x08003c6c      0x13c cmake/stm32cubemx/CMakeFiles/FreeRTOS.dir/__/__/Middlewares/Third_Party/FreeRTOS/Source/tasks.c.obj
                0x08003c6c                xTaskResumeAll
 .text.xTaskGetTickCount
                0x08003da8       0x1c cmake/stm32cubemx/CMakeFiles/FreeRTOS.dir/__/__/Middlewares/Third_Party/FreeRTOS/Source/tasks.c.obj
                0x08003da8                xTaskGetTickCount
 .text.xTaskIncrementTick
                0x08003dc4      0x174 cmake/stm32cubemx/CMakeFiles/FreeRTOS.dir/__/__/Middlewares/Third_Party/FreeRTOS/Source/tasks.c.obj
                0x08003dc4                xTaskIncrementTick
 .text.vTaskSwitchContext
                0x08003f38       0xbc cmake/stm32cubemx/CMakeFiles/FreeRTOS.dir/__/__/Middlewares/Third_Party/FreeRTOS/Source/tasks.c.obj
                0x08003f38                vTaskSwitchContext
 .text.vTaskPlaceOnEventList
                0x08003ff4       0x4c cmake/stm32cubemx/CMakeFiles/FreeRTOS.dir/__/__/Middlewares/Third_Party/FreeRTOS/Source/tasks.c.obj
                0x08003ff4                vTaskPlaceOnEventList
 .text.vTaskPlaceOnEventListRestricted
                0x08004040       0x58 cmake/stm32cubemx/CMakeFiles/FreeRTOS.dir/__/__/Middlewares/Third_Party/FreeRTOS/Source/tasks.c.obj
                0x08004040                vTaskPlaceOnEventListRestricted
 .text.xTaskRemoveFromEventList
                0x08004098       0xc8 cmake/stm32cubemx/CMakeFiles/FreeRTOS.dir/__/__/Middlewares/Third_Party/FreeRTOS/Source/tasks.c.obj
                0x08004098                xTaskRemoveFromEventList
 .text.vTaskInternalSetTimeOutState
                0x08004160       0x2c cmake/stm32cubemx/CMakeFiles/FreeRTOS.dir/__/__/Middlewares/Third_Party/FreeRTOS/Source/tasks.c.obj
                0x08004160                vTaskInternalSetTimeOutState
 .text.xTaskCheckForTimeOut
                0x0800418c       0xc8 cmake/stm32cubemx/CMakeFiles/FreeRTOS.dir/__/__/Middlewares/Third_Party/FreeRTOS/Source/tasks.c.obj
                0x0800418c                xTaskCheckForTimeOut
 .text.vTaskMissedYield
                0x08004254       0x18 cmake/stm32cubemx/CMakeFiles/FreeRTOS.dir/__/__/Middlewares/Third_Party/FreeRTOS/Source/tasks.c.obj
                0x08004254                vTaskMissedYield
 .text.prvIdleTask
                0x0800426c       0x30 cmake/stm32cubemx/CMakeFiles/FreeRTOS.dir/__/__/Middlewares/Third_Party/FreeRTOS/Source/tasks.c.obj
 .text.prvInitialiseTaskLists
                0x0800429c       0x80 cmake/stm32cubemx/CMakeFiles/FreeRTOS.dir/__/__/Middlewares/Third_Party/FreeRTOS/Source/tasks.c.obj
 .text.prvCheckTasksWaitingTermination
                0x0800431c       0x5c cmake/stm32cubemx/CMakeFiles/FreeRTOS.dir/__/__/Middlewares/Third_Party/FreeRTOS/Source/tasks.c.obj
 .text.prvDeleteTCB
                0x08004378       0x60 cmake/stm32cubemx/CMakeFiles/FreeRTOS.dir/__/__/Middlewares/Third_Party/FreeRTOS/Source/tasks.c.obj
 .text.prvResetNextTaskUnblockTime
                0x080043d8       0x40 cmake/stm32cubemx/CMakeFiles/FreeRTOS.dir/__/__/Middlewares/Third_Party/FreeRTOS/Source/tasks.c.obj
 .text.xTaskGetCurrentTaskHandle
                0x08004418       0x1c cmake/stm32cubemx/CMakeFiles/FreeRTOS.dir/__/__/Middlewares/Third_Party/FreeRTOS/Source/tasks.c.obj
                0x08004418                xTaskGetCurrentTaskHandle
 .text.xTaskGetSchedulerState
                0x08004434       0x3c cmake/stm32cubemx/CMakeFiles/FreeRTOS.dir/__/__/Middlewares/Third_Party/FreeRTOS/Source/tasks.c.obj
                0x08004434                xTaskGetSchedulerState
 .text.xTaskPriorityInherit
                0x08004470       0xd0 cmake/stm32cubemx/CMakeFiles/FreeRTOS.dir/__/__/Middlewares/Third_Party/FreeRTOS/Source/tasks.c.obj
                0x08004470                xTaskPriorityInherit
 .text.xTaskPriorityDisinherit
                0x08004540       0xe0 cmake/stm32cubemx/CMakeFiles/FreeRTOS.dir/__/__/Middlewares/Third_Party/FreeRTOS/Source/tasks.c.obj
                0x08004540                xTaskPriorityDisinherit
 .text.vTaskPriorityDisinheritAfterTimeout
                0x08004620      0x108 cmake/stm32cubemx/CMakeFiles/FreeRTOS.dir/__/__/Middlewares/Third_Party/FreeRTOS/Source/tasks.c.obj
                0x08004620                vTaskPriorityDisinheritAfterTimeout
 .text.pvTaskIncrementMutexHeldCount
                0x08004728       0x28 cmake/stm32cubemx/CMakeFiles/FreeRTOS.dir/__/__/Middlewares/Third_Party/FreeRTOS/Source/tasks.c.obj
                0x08004728                pvTaskIncrementMutexHeldCount
 .text.prvAddCurrentTaskToDelayedList
                0x08004750       0xa8 cmake/stm32cubemx/CMakeFiles/FreeRTOS.dir/__/__/Middlewares/Third_Party/FreeRTOS/Source/tasks.c.obj
 .text.xTimerCreateTimerTask
                0x080047f8       0x94 cmake/stm32cubemx/CMakeFiles/FreeRTOS.dir/__/__/Middlewares/Third_Party/FreeRTOS/Source/timers.c.obj
                0x080047f8                xTimerCreateTimerTask
 .text.xTimerGenericCommand
                0x0800488c       0x9c cmake/stm32cubemx/CMakeFiles/FreeRTOS.dir/__/__/Middlewares/Third_Party/FreeRTOS/Source/timers.c.obj
                0x0800488c                xTimerGenericCommand
 .text.prvProcessExpiredTimer
                0x08004928       0x9c cmake/stm32cubemx/CMakeFiles/FreeRTOS.dir/__/__/Middlewares/Third_Party/FreeRTOS/Source/timers.c.obj
 .text.prvTimerTask
                0x080049c4       0x26 cmake/stm32cubemx/CMakeFiles/FreeRTOS.dir/__/__/Middlewares/Third_Party/FreeRTOS/Source/timers.c.obj
 *fill*         0x080049ea        0x2 
 .text.prvProcessTimerOrBlockTask
                0x080049ec       0x9c cmake/stm32cubemx/CMakeFiles/FreeRTOS.dir/__/__/Middlewares/Third_Party/FreeRTOS/Source/timers.c.obj
 .text.prvGetNextExpireTime
                0x08004a88       0x44 cmake/stm32cubemx/CMakeFiles/FreeRTOS.dir/__/__/Middlewares/Third_Party/FreeRTOS/Source/timers.c.obj
 .text.prvSampleTimeNow
                0x08004acc       0x40 cmake/stm32cubemx/CMakeFiles/FreeRTOS.dir/__/__/Middlewares/Third_Party/FreeRTOS/Source/timers.c.obj
 .text.prvInsertTimerInActiveList
                0x08004b0c       0x84 cmake/stm32cubemx/CMakeFiles/FreeRTOS.dir/__/__/Middlewares/Third_Party/FreeRTOS/Source/timers.c.obj
 .text.prvProcessReceivedCommands
                0x08004b90      0x1cc cmake/stm32cubemx/CMakeFiles/FreeRTOS.dir/__/__/Middlewares/Third_Party/FreeRTOS/Source/timers.c.obj
 .text.prvSwitchTimerLists
                0x08004d5c       0xcc cmake/stm32cubemx/CMakeFiles/FreeRTOS.dir/__/__/Middlewares/Third_Party/FreeRTOS/Source/timers.c.obj
 .text.prvCheckForValidListAndQueue
                0x08004e28       0x80 cmake/stm32cubemx/CMakeFiles/FreeRTOS.dir/__/__/Middlewares/Third_Party/FreeRTOS/Source/timers.c.obj
 .text.__NVIC_SetPriority
                0x08004ea8       0x54 cmake/stm32cubemx/CMakeFiles/FreeRTOS.dir/__/__/Middlewares/Third_Party/FreeRTOS/Source/CMSIS_RTOS_V2/cmsis_os2.c.obj
 .text.SysTick_Handler
                0x08004efc       0x20 cmake/stm32cubemx/CMakeFiles/FreeRTOS.dir/__/__/Middlewares/Third_Party/FreeRTOS/Source/CMSIS_RTOS_V2/cmsis_os2.c.obj
                0x08004efc                SysTick_Handler
 .text.SVC_Setup
                0x08004f1c       0x12 cmake/stm32cubemx/CMakeFiles/FreeRTOS.dir/__/__/Middlewares/Third_Party/FreeRTOS/Source/CMSIS_RTOS_V2/cmsis_os2.c.obj
 *fill*         0x08004f2e        0x2 
 .text.osKernelInitialize
                0x08004f30       0x44 cmake/stm32cubemx/CMakeFiles/FreeRTOS.dir/__/__/Middlewares/Third_Party/FreeRTOS/Source/CMSIS_RTOS_V2/cmsis_os2.c.obj
                0x08004f30                osKernelInitialize
 .text.osKernelStart
                0x08004f74       0x4c cmake/stm32cubemx/CMakeFiles/FreeRTOS.dir/__/__/Middlewares/Third_Party/FreeRTOS/Source/CMSIS_RTOS_V2/cmsis_os2.c.obj
                0x08004f74                osKernelStart
 .text.osThreadNew
                0x08004fc0      0x124 cmake/stm32cubemx/CMakeFiles/FreeRTOS.dir/__/__/Middlewares/Third_Party/FreeRTOS/Source/CMSIS_RTOS_V2/cmsis_os2.c.obj
                0x08004fc0                osThreadNew
 .text.osDelay  0x080050e4       0x36 cmake/stm32cubemx/CMakeFiles/FreeRTOS.dir/__/__/Middlewares/Third_Party/FreeRTOS/Source/CMSIS_RTOS_V2/cmsis_os2.c.obj
                0x080050e4                osDelay
 .text.osMutexNew
                0x0800511a      0x10c cmake/stm32cubemx/CMakeFiles/FreeRTOS.dir/__/__/Middlewares/Third_Party/FreeRTOS/Source/CMSIS_RTOS_V2/cmsis_os2.c.obj
                0x0800511a                osMutexNew
 .text.osMutexAcquire
                0x08005226       0x96 cmake/stm32cubemx/CMakeFiles/FreeRTOS.dir/__/__/Middlewares/Third_Party/FreeRTOS/Source/CMSIS_RTOS_V2/cmsis_os2.c.obj
                0x08005226                osMutexAcquire
 .text.osMutexRelease
                0x080052bc       0x7a cmake/stm32cubemx/CMakeFiles/FreeRTOS.dir/__/__/Middlewares/Third_Party/FreeRTOS/Source/CMSIS_RTOS_V2/cmsis_os2.c.obj
                0x080052bc                osMutexRelease
 .text.osMessageQueueNew
                0x08005336       0xe6 cmake/stm32cubemx/CMakeFiles/FreeRTOS.dir/__/__/Middlewares/Third_Party/FreeRTOS/Source/CMSIS_RTOS_V2/cmsis_os2.c.obj
                0x08005336                osMessageQueueNew
 .text.osMessageQueuePut
                0x0800541c       0xc0 cmake/stm32cubemx/CMakeFiles/FreeRTOS.dir/__/__/Middlewares/Third_Party/FreeRTOS/Source/CMSIS_RTOS_V2/cmsis_os2.c.obj
                0x0800541c                osMessageQueuePut
 .text.osMessageQueueGet
                0x080054dc       0xbc cmake/stm32cubemx/CMakeFiles/FreeRTOS.dir/__/__/Middlewares/Third_Party/FreeRTOS/Source/CMSIS_RTOS_V2/cmsis_os2.c.obj
                0x080054dc                osMessageQueueGet
 .text.vApplicationGetIdleTaskMemory
                0x08005598       0x30 cmake/stm32cubemx/CMakeFiles/FreeRTOS.dir/__/__/Middlewares/Third_Party/FreeRTOS/Source/CMSIS_RTOS_V2/cmsis_os2.c.obj
                0x08005598                vApplicationGetIdleTaskMemory
 .text.vApplicationGetTimerTaskMemory
                0x080055c8       0x34 cmake/stm32cubemx/CMakeFiles/FreeRTOS.dir/__/__/Middlewares/Third_Party/FreeRTOS/Source/CMSIS_RTOS_V2/cmsis_os2.c.obj
                0x080055c8                vApplicationGetTimerTaskMemory
 .text.pvPortMalloc
                0x080055fc      0x19c cmake/stm32cubemx/CMakeFiles/FreeRTOS.dir/__/__/Middlewares/Third_Party/FreeRTOS/Source/portable/MemMang/heap_4.c.obj
                0x080055fc                pvPortMalloc
 .text.vPortFree
                0x08005798       0xc8 cmake/stm32cubemx/CMakeFiles/FreeRTOS.dir/__/__/Middlewares/Third_Party/FreeRTOS/Source/portable/MemMang/heap_4.c.obj
                0x08005798                vPortFree
 .text.prvHeapInit
                0x08005860       0xc4 cmake/stm32cubemx/CMakeFiles/FreeRTOS.dir/__/__/Middlewares/Third_Party/FreeRTOS/Source/portable/MemMang/heap_4.c.obj
 .text.prvInsertBlockIntoFreeList
                0x08005924       0xb0 cmake/stm32cubemx/CMakeFiles/FreeRTOS.dir/__/__/Middlewares/Third_Party/FreeRTOS/Source/portable/MemMang/heap_4.c.obj
 .text.pxPortInitialiseStack
                0x080059d4       0x58 cmake/stm32cubemx/CMakeFiles/FreeRTOS.dir/__/__/Middlewares/Third_Party/FreeRTOS/Source/portable/GCC/ARM_CM3/port.c.obj
                0x080059d4                pxPortInitialiseStack
 .text.prvTaskExitError
                0x08005a2c       0x58 cmake/stm32cubemx/CMakeFiles/FreeRTOS.dir/__/__/Middlewares/Third_Party/FreeRTOS/Source/portable/GCC/ARM_CM3/port.c.obj
 *fill*         0x08005a84        0xc 
 .text.SVC_Handler
                0x08005a90       0x28 cmake/stm32cubemx/CMakeFiles/FreeRTOS.dir/__/__/Middlewares/Third_Party/FreeRTOS/Source/portable/GCC/ARM_CM3/port.c.obj
                0x08005a90                SVC_Handler
 .text.prvPortStartFirstTask
                0x08005ab8       0x20 cmake/stm32cubemx/CMakeFiles/FreeRTOS.dir/__/__/Middlewares/Third_Party/FreeRTOS/Source/portable/GCC/ARM_CM3/port.c.obj
 .text.xPortStartScheduler
                0x08005ad8       0xe4 cmake/stm32cubemx/CMakeFiles/FreeRTOS.dir/__/__/Middlewares/Third_Party/FreeRTOS/Source/portable/GCC/ARM_CM3/port.c.obj
                0x08005ad8                xPortStartScheduler
 .text.vPortEnterCritical
                0x08005bbc       0x60 cmake/stm32cubemx/CMakeFiles/FreeRTOS.dir/__/__/Middlewares/Third_Party/FreeRTOS/Source/portable/GCC/ARM_CM3/port.c.obj
                0x08005bbc                vPortEnterCritical
 .text.vPortExitCritical
                0x08005c1c       0x54 cmake/stm32cubemx/CMakeFiles/FreeRTOS.dir/__/__/Middlewares/Third_Party/FreeRTOS/Source/portable/GCC/ARM_CM3/port.c.obj
                0x08005c1c                vPortExitCritical
 .text.PendSV_Handler
                0x08005c70       0x48 cmake/stm32cubemx/CMakeFiles/FreeRTOS.dir/__/__/Middlewares/Third_Party/FreeRTOS/Source/portable/GCC/ARM_CM3/port.c.obj
                0x08005c70                PendSV_Handler
 .text.xPortSysTickHandler
                0x08005cb8       0x44 cmake/stm32cubemx/CMakeFiles/FreeRTOS.dir/__/__/Middlewares/Third_Party/FreeRTOS/Source/portable/GCC/ARM_CM3/port.c.obj
                0x08005cb8                xPortSysTickHandler
 .text.vPortSetupTimerInterrupt
                0x08005cfc       0x44 cmake/stm32cubemx/CMakeFiles/FreeRTOS.dir/__/__/Middlewares/Third_Party/FreeRTOS/Source/portable/GCC/ARM_CM3/port.c.obj
                0x08005cfc                vPortSetupTimerInterrupt
 .text.vPortValidateInterruptPriority
                0x08005d40       0x80 cmake/stm32cubemx/CMakeFiles/FreeRTOS.dir/__/__/Middlewares/Third_Party/FreeRTOS/Source/portable/GCC/ARM_CM3/port.c.obj
                0x08005d40                vPortValidateInterruptPriority
 .text.main     0x08005dc0       0x2c CMakeFiles/STM32_CyberDog.dir/Core/Src/main.c.obj
                0x08005dc0                main
 .text.SystemClock_Config
                0x08005dec       0x8a CMakeFiles/STM32_CyberDog.dir/Core/Src/main.c.obj
                0x08005dec                SystemClock_Config
 *fill*         0x08005e76        0x2 
 .text.HAL_TIM_PeriodElapsedCallback
                0x08005e78       0x24 CMakeFiles/STM32_CyberDog.dir/Core/Src/main.c.obj
                0x08005e78                HAL_TIM_PeriodElapsedCallback
 .text.Error_Handler
                0x08005e9c        0xc CMakeFiles/STM32_CyberDog.dir/Core/Src/main.c.obj
                0x08005e9c                Error_Handler
 .text.MX_GPIO_Init
                0x08005ea8       0xb0 CMakeFiles/STM32_CyberDog.dir/Core/Src/gpio.c.obj
                0x08005ea8                MX_GPIO_Init
 .text.MX_FREERTOS_Init
                0x08005f58       0x24 CMakeFiles/STM32_CyberDog.dir/Core/Src/freertos.c.obj
                0x08005f58                MX_FREERTOS_Init
 .text.StartDefaultTask
                0x08005f7c       0x10 CMakeFiles/STM32_CyberDog.dir/Core/Src/freertos.c.obj
                0x08005f7c                StartDefaultTask
 .text.MX_I2C1_Init
                0x08005f8c       0x5c CMakeFiles/STM32_CyberDog.dir/Core/Src/i2c.c.obj
                0x08005f8c                MX_I2C1_Init
 .text.HAL_I2C_MspInit
                0x08005fe8       0x7c CMakeFiles/STM32_CyberDog.dir/Core/Src/i2c.c.obj
                0x08005fe8                HAL_I2C_MspInit
 .text.MX_USART1_UART_Init
                0x08006064       0x54 CMakeFiles/STM32_CyberDog.dir/Core/Src/usart.c.obj
                0x08006064                MX_USART1_UART_Init
 .text.HAL_UART_MspInit
                0x080060b8       0xa8 CMakeFiles/STM32_CyberDog.dir/Core/Src/usart.c.obj
                0x080060b8                HAL_UART_MspInit
 .text.NMI_Handler
                0x08006160        0x8 CMakeFiles/STM32_CyberDog.dir/Core/Src/stm32f1xx_it.c.obj
                0x08006160                NMI_Handler
 .text.HardFault_Handler
                0x08006168        0x8 CMakeFiles/STM32_CyberDog.dir/Core/Src/stm32f1xx_it.c.obj
                0x08006168                HardFault_Handler
 .text.MemManage_Handler
                0x08006170        0x8 CMakeFiles/STM32_CyberDog.dir/Core/Src/stm32f1xx_it.c.obj
                0x08006170                MemManage_Handler
 .text.BusFault_Handler
                0x08006178        0x8 CMakeFiles/STM32_CyberDog.dir/Core/Src/stm32f1xx_it.c.obj
                0x08006178                BusFault_Handler
 .text.UsageFault_Handler
                0x08006180        0x8 CMakeFiles/STM32_CyberDog.dir/Core/Src/stm32f1xx_it.c.obj
                0x08006180                UsageFault_Handler
 .text.DebugMon_Handler
                0x08006188        0xc CMakeFiles/STM32_CyberDog.dir/Core/Src/stm32f1xx_it.c.obj
                0x08006188                DebugMon_Handler
 .text.TIM4_IRQHandler
                0x08006194       0x14 CMakeFiles/STM32_CyberDog.dir/Core/Src/stm32f1xx_it.c.obj
                0x08006194                TIM4_IRQHandler
 .text.USART1_IRQHandler
                0x080061a8       0x14 CMakeFiles/STM32_CyberDog.dir/Core/Src/stm32f1xx_it.c.obj
                0x080061a8                USART1_IRQHandler
 .text.HAL_MspInit
                0x080061bc       0x70 CMakeFiles/STM32_CyberDog.dir/Core/Src/stm32f1xx_hal_msp.c.obj
                0x080061bc                HAL_MspInit
 .text.HAL_InitTick
                0x0800622c       0xfc CMakeFiles/STM32_CyberDog.dir/Core/Src/stm32f1xx_hal_timebase_tim.c.obj
                0x0800622c                HAL_InitTick
 .text._getpid  0x08006328        0xe CMakeFiles/STM32_CyberDog.dir/Core/Src/syscalls.c.obj
                0x08006328                _getpid
 .text._kill    0x08006336       0x20 CMakeFiles/STM32_CyberDog.dir/Core/Src/syscalls.c.obj
                0x08006336                _kill
 .text._exit    0x08006356       0x16 CMakeFiles/STM32_CyberDog.dir/Core/Src/syscalls.c.obj
                0x08006356                _exit
 .text.Reset_Handler
                0x0800636c       0x48 CMakeFiles/STM32_CyberDog.dir/startup_stm32f103xb.s.obj
                0x0800636c                Reset_Handler
 .text.Default_Handler
                0x080063b4        0x2 CMakeFiles/STM32_CyberDog.dir/startup_stm32f103xb.s.obj
                0x080063b4                RTC_Alarm_IRQHandler
                0x080063b4                EXTI2_IRQHandler
                0x080063b4                TIM1_CC_IRQHandler
                0x080063b4                PVD_IRQHandler
                0x080063b4                EXTI3_IRQHandler
                0x080063b4                EXTI0_IRQHandler
                0x080063b4                I2C2_EV_IRQHandler
                0x080063b4                ADC1_2_IRQHandler
                0x080063b4                SPI1_IRQHandler
                0x080063b4                TAMPER_IRQHandler
                0x080063b4                DMA1_Channel4_IRQHandler
                0x080063b4                USART3_IRQHandler
                0x080063b4                RTC_IRQHandler
                0x080063b4                DMA1_Channel7_IRQHandler
                0x080063b4                CAN1_RX1_IRQHandler
                0x080063b4                I2C1_EV_IRQHandler
                0x080063b4                DMA1_Channel6_IRQHandler
                0x080063b4                TIM3_IRQHandler
                0x080063b4                RCC_IRQHandler
                0x080063b4                TIM1_TRG_COM_IRQHandler
                0x080063b4                DMA1_Channel1_IRQHandler
                0x080063b4                Default_Handler
                0x080063b4                EXTI15_10_IRQHandler
                0x080063b4                EXTI9_5_IRQHandler
                0x080063b4                SPI2_IRQHandler
                0x080063b4                DMA1_Channel5_IRQHandler
                0x080063b4                EXTI4_IRQHandler
                0x080063b4                USB_LP_CAN1_RX0_IRQHandler
                0x080063b4                USB_HP_CAN1_TX_IRQHandler
                0x080063b4                DMA1_Channel3_IRQHandler
                0x080063b4                TIM1_UP_IRQHandler
                0x080063b4                WWDG_IRQHandler
                0x080063b4                TIM2_IRQHandler
                0x080063b4                TIM1_BRK_IRQHandler
                0x080063b4                EXTI1_IRQHandler
                0x080063b4                USART2_IRQHandler
                0x080063b4                I2C2_ER_IRQHandler
                0x080063b4                DMA1_Channel2_IRQHandler
                0x080063b4                CAN1_SCE_IRQHandler
                0x080063b4                FLASH_IRQHandler
                0x080063b4                I2C1_ER_IRQHandler
                0x080063b4                USBWakeUp_IRQHandler
 .text._ZN7MPU6050C2EP17I2C_HandleTypeDefPv
                0x080063b6       0x24 CMakeFiles/STM32_CyberDog.dir/usercode/src/app.cpp.obj
                0x080063b6                MPU6050::MPU6050(I2C_HandleTypeDef*, void*)
                0x080063b6                MPU6050::MPU6050(I2C_HandleTypeDef*, void*)
 .text._ZNSt12_Vector_baseIhSaIhEE12_Vector_implD2Ev
                0x080063da       0x1c CMakeFiles/STM32_CyberDog.dir/usercode/src/app.cpp.obj
                0x080063da                std::_Vector_base<unsigned char, std::allocator<unsigned char> >::_Vector_impl::~_Vector_impl()
                0x080063da                std::_Vector_base<unsigned char, std::allocator<unsigned char> >::_Vector_impl::~_Vector_impl()
 .text._ZNSt12_Vector_baseIhSaIhEEC2Ev
                0x080063f6       0x1a CMakeFiles/STM32_CyberDog.dir/usercode/src/app.cpp.obj
                0x080063f6                std::_Vector_base<unsigned char, std::allocator<unsigned char> >::_Vector_base()
                0x080063f6                std::_Vector_base<unsigned char, std::allocator<unsigned char> >::_Vector_base()
 .text._ZNSt6vectorIhSaIhEEC2Ev
                0x08006410       0x1a CMakeFiles/STM32_CyberDog.dir/usercode/src/app.cpp.obj
                0x08006410                std::vector<unsigned char, std::allocator<unsigned char> >::vector()
                0x08006410                std::vector<unsigned char, std::allocator<unsigned char> >::vector()
 .text._ZN4HC05C2EP20__UART_HandleTypeDefPv
                0x0800642a       0x2c CMakeFiles/STM32_CyberDog.dir/usercode/src/app.cpp.obj
                0x0800642a                HC05::HC05(__UART_HandleTypeDef*, void*)
                0x0800642a                HC05::HC05(__UART_HandleTypeDef*, void*)
 *fill*         0x08006456        0x2 
 .text._Z23HC05_RxCallback_WrapperP20__UART_HandleTypeDef
                0x08006458       0x1c CMakeFiles/STM32_CyberDog.dir/usercode/src/app.cpp.obj
                0x08006458                HC05_RxCallback_Wrapper(__UART_HandleTypeDef*)
 .text._Z19task_bluetooth_testPv
                0x08006474       0x4c CMakeFiles/STM32_CyberDog.dir/usercode/src/app.cpp.obj
                0x08006474                task_bluetooth_test(void*)
 .text.App_Main
                0x080064c0       0x58 CMakeFiles/STM32_CyberDog.dir/usercode/src/app.cpp.obj
                0x080064c0                App_Main
 .text._ZNSt12_Vector_baseIhSaIhEE12_Vector_implC2Ev
                0x08006518       0x22 CMakeFiles/STM32_CyberDog.dir/usercode/src/app.cpp.obj
                0x08006518                std::_Vector_base<unsigned char, std::allocator<unsigned char> >::_Vector_impl::_Vector_impl()
                0x08006518                std::_Vector_base<unsigned char, std::allocator<unsigned char> >::_Vector_impl::_Vector_impl()
 .text._ZNSt12_Vector_baseIhSaIhEED2Ev
                0x0800653a       0x30 CMakeFiles/STM32_CyberDog.dir/usercode/src/app.cpp.obj
                0x0800653a                std::_Vector_base<unsigned char, std::allocator<unsigned char> >::~_Vector_base()
                0x0800653a                std::_Vector_base<unsigned char, std::allocator<unsigned char> >::~_Vector_base()
 .text._ZNSt6vectorIhSaIhEED2Ev
                0x0800656a       0x3c CMakeFiles/STM32_CyberDog.dir/usercode/src/app.cpp.obj
                0x0800656a                std::vector<unsigned char, std::allocator<unsigned char> >::~vector()
                0x0800656a                std::vector<unsigned char, std::allocator<unsigned char> >::~vector()
 .text._ZNSt12_Vector_baseIhSaIhEE17_Vector_impl_dataC2Ev
                0x080065a6       0x26 CMakeFiles/STM32_CyberDog.dir/usercode/src/app.cpp.obj
                0x080065a6                std::_Vector_base<unsigned char, std::allocator<unsigned char> >::_Vector_impl_data::_Vector_impl_data()
                0x080065a6                std::_Vector_base<unsigned char, std::allocator<unsigned char> >::_Vector_impl_data::_Vector_impl_data()
 .text._ZNSt15__new_allocatorIhED2Ev
                0x080065cc       0x14 CMakeFiles/STM32_CyberDog.dir/usercode/src/app.cpp.obj
                0x080065cc                std::__new_allocator<unsigned char>::~__new_allocator()
                0x080065cc                std::__new_allocator<unsigned char>::~__new_allocator()
 .text._ZNSt12_Vector_baseIhSaIhEE13_M_deallocateEPhj
                0x080065e0       0x32 CMakeFiles/STM32_CyberDog.dir/usercode/src/app.cpp.obj
                0x080065e0                std::_Vector_base<unsigned char, std::allocator<unsigned char> >::_M_deallocate(unsigned char*, unsigned int)
 .text._ZNSt12_Vector_baseIhSaIhEE19_M_get_Tp_allocatorEv
                0x08006612       0x14 CMakeFiles/STM32_CyberDog.dir/usercode/src/app.cpp.obj
                0x08006612                std::_Vector_base<unsigned char, std::allocator<unsigned char> >::_M_get_Tp_allocator()
 .text._ZSt8_DestroyIPhEvT_S1_
                0x08006626       0x1a CMakeFiles/STM32_CyberDog.dir/usercode/src/app.cpp.obj
                0x08006626                void std::_Destroy<unsigned char*>(unsigned char*, unsigned char*)
 .text._ZNSt15__new_allocatorIhE10deallocateEPhj
                0x08006640       0x1a CMakeFiles/STM32_CyberDog.dir/usercode/src/app.cpp.obj
                0x08006640                std::__new_allocator<unsigned char>::deallocate(unsigned char*, unsigned int)
 .text._ZNSt12_Destroy_auxILb1EE9__destroyIPhEEvT_S3_
                0x0800665a       0x14 CMakeFiles/STM32_CyberDog.dir/usercode/src/app.cpp.obj
                0x0800665a                void std::_Destroy_aux<true>::__destroy<unsigned char*>(unsigned char*, unsigned char*)
 .text._ZN4HC05D2Ev
                0x0800666e       0x1c CMakeFiles/STM32_CyberDog.dir/usercode/src/app.cpp.obj
                0x0800666e                HC05::~HC05()
                0x0800666e                HC05::~HC05()
 *fill*         0x0800668a        0x2 
 .text._Z41__static_initialization_and_destruction_0v
                0x0800668c       0x68 CMakeFiles/STM32_CyberDog.dir/usercode/src/app.cpp.obj
 .text._GLOBAL__sub_I_my_hc05_queue
                0x080066f4        0xa CMakeFiles/STM32_CyberDog.dir/usercode/src/app.cpp.obj
 .text._ZN11StaticArenaILj6144EEC2Ev
                0x080066fe       0x22 CMakeFiles/STM32_CyberDog.dir/usercode/src/arena.cpp.obj
                0x080066fe                StaticArena<6144u>::StaticArena()
                0x080066fe                StaticArena<6144u>::StaticArena()
 .text._Znwj    0x08006720       0x2c CMakeFiles/STM32_CyberDog.dir/usercode/src/arena.cpp.obj
                0x08006720                operator new(unsigned int)
 .text._ZdlPv   0x0800674c       0x12 CMakeFiles/STM32_CyberDog.dir/usercode/src/arena.cpp.obj
                0x0800674c                operator delete(void*)
 .text._ZN11StaticArenaILj6144EE8allocateEj
                0x0800675e       0x60 CMakeFiles/STM32_CyberDog.dir/usercode/src/arena.cpp.obj
                0x0800675e                StaticArena<6144u>::allocate(unsigned int)
 *fill*         0x080067be        0x2 
 .text._Z41__static_initialization_and_destruction_0v
                0x080067c0       0x14 CMakeFiles/STM32_CyberDog.dir/usercode/src/arena.cpp.obj
 .text._GLOBAL__sub_I__Znwj
                0x080067d4        0xa CMakeFiles/STM32_CyberDog.dir/usercode/src/arena.cpp.obj
 .text._ZnwjPv  0x080067de       0x16 CMakeFiles/STM32_CyberDog.dir/usercode/src/hc05.cpp.obj
                0x080067de                operator new(unsigned int, void*)
 .text._ZN4HC054InitEPv
                0x080067f4       0x5c CMakeFiles/STM32_CyberDog.dir/usercode/src/hc05.cpp.obj
                0x080067f4                HC05::Init(void*)
 .text._ZN4HC0510sendStringEPKc
                0x08006850       0x5a CMakeFiles/STM32_CyberDog.dir/usercode/src/hc05.cpp.obj
                0x08006850                HC05::sendString(char const*)
 .text._ZN4HC0516onRxCpltCallbackEv
                0x080068aa       0x3a CMakeFiles/STM32_CyberDog.dir/usercode/src/hc05.cpp.obj
                0x080068aa                HC05::onRxCpltCallback()
 .text._ZN4HC0510getCommandER12RobotCommand
                0x080068e4       0xb8 CMakeFiles/STM32_CyberDog.dir/usercode/src/hc05.cpp.obj
                0x080068e4                HC05::getCommand(RobotCommand&)
 .text._ZN4HC0512parasePacketERKSt6vectorIhSaIhEER12RobotCommand
                0x0800699c       0x18 CMakeFiles/STM32_CyberDog.dir/usercode/src/hc05.cpp.obj
                0x0800699c                HC05::parasePacket(std::vector<unsigned char, std::allocator<unsigned char> > const&, RobotCommand&)
 .text._ZNSt6vectorIhSaIhEE7reserveEj
                0x080069b4       0xb0 CMakeFiles/STM32_CyberDog.dir/usercode/src/hc05.cpp.obj
                0x080069b4                std::vector<unsigned char, std::allocator<unsigned char> >::reserve(unsigned int)
 .text._ZNSt6vectorIhSaIhEE9push_backERKh
                0x08006a64       0x6e CMakeFiles/STM32_CyberDog.dir/usercode/src/hc05.cpp.obj
                0x08006a64                std::vector<unsigned char, std::allocator<unsigned char> >::push_back(unsigned char const&)
 .text._ZNSt6vectorIhSaIhEE5frontEv
                0x08006ad2       0x26 CMakeFiles/STM32_CyberDog.dir/usercode/src/hc05.cpp.obj
                0x08006ad2                std::vector<unsigned char, std::allocator<unsigned char> >::front()
 .text._ZNSt6vectorIhSaIhEE5clearEv
                0x08006af8       0x1c CMakeFiles/STM32_CyberDog.dir/usercode/src/hc05.cpp.obj
                0x08006af8                std::vector<unsigned char, std::allocator<unsigned char> >::clear()
 .text._ZNKSt6vectorIhSaIhEE4sizeEv
                0x08006b14       0x1c CMakeFiles/STM32_CyberDog.dir/usercode/src/hc05.cpp.obj
                0x08006b14                std::vector<unsigned char, std::allocator<unsigned char> >::size() const
 .text._ZNKSt6vectorIhSaIhEE8max_sizeEv
                0x08006b30       0x22 CMakeFiles/STM32_CyberDog.dir/usercode/src/hc05.cpp.obj
                0x08006b30                std::vector<unsigned char, std::allocator<unsigned char> >::max_size() const
 .text._ZNKSt6vectorIhSaIhEE8capacityEv
                0x08006b52       0x1c CMakeFiles/STM32_CyberDog.dir/usercode/src/hc05.cpp.obj
                0x08006b52                std::vector<unsigned char, std::allocator<unsigned char> >::capacity() const
 .text._ZNSt12_Vector_baseIhSaIhEE11_M_allocateEj
                0x08006b6e       0x32 CMakeFiles/STM32_CyberDog.dir/usercode/src/hc05.cpp.obj
                0x08006b6e                std::_Vector_base<unsigned char, std::allocator<unsigned char> >::_M_allocate(unsigned int)
 .text._ZNSt6vectorIhSaIhEE11_S_relocateEPhS2_S2_RS0_
                0x08006ba0       0x24 CMakeFiles/STM32_CyberDog.dir/usercode/src/hc05.cpp.obj
                0x08006ba0                std::vector<unsigned char, std::allocator<unsigned char> >::_S_relocate(unsigned char*, unsigned char*, unsigned char*, std::allocator<unsigned char>&)
 .text._ZZNSt6vectorIhSaIhEE17_M_realloc_appendIJRKhEEEvDpOT_EN6_GuardC2EPhjRS0_
                0x08006bc4       0x2c CMakeFiles/STM32_CyberDog.dir/usercode/src/hc05.cpp.obj
                0x08006bc4                std::vector<unsigned char, std::allocator<unsigned char> >::_M_realloc_append<unsigned char const&>(unsigned char const&)::_Guard::_Guard(unsigned char*, unsigned int, std::allocator<unsigned char>&)
                0x08006bc4                std::vector<unsigned char, std::allocator<unsigned char> >::_M_realloc_append<unsigned char const&>(unsigned char const&)::_Guard::_Guard(unsigned char*, unsigned int, std::allocator<unsigned char>&)
 .text._ZZNSt6vectorIhSaIhEE17_M_realloc_appendIJRKhEEEvDpOT_EN6_GuardD2Ev
                0x08006bf0       0x38 CMakeFiles/STM32_CyberDog.dir/usercode/src/hc05.cpp.obj
                0x08006bf0                std::vector<unsigned char, std::allocator<unsigned char> >::_M_realloc_append<unsigned char const&>(unsigned char const&)::_Guard::~_Guard()
                0x08006bf0                std::vector<unsigned char, std::allocator<unsigned char> >::_M_realloc_append<unsigned char const&>(unsigned char const&)::_Guard::~_Guard()
 .text._ZNSt6vectorIhSaIhEE17_M_realloc_appendIJRKhEEEvDpOT_
                0x08006c28      0x110 CMakeFiles/STM32_CyberDog.dir/usercode/src/hc05.cpp.obj
                0x08006c28                void std::vector<unsigned char, std::allocator<unsigned char> >::_M_realloc_append<unsigned char const&>(unsigned char const&)
 .text._ZNSt6vectorIhSaIhEE5beginEv
                0x08006d38       0x20 CMakeFiles/STM32_CyberDog.dir/usercode/src/hc05.cpp.obj
                0x08006d38                std::vector<unsigned char, std::allocator<unsigned char> >::begin()
 .text._ZNK9__gnu_cxx17__normal_iteratorIPhSt6vectorIhSaIhEEEdeEv
                0x08006d58       0x16 CMakeFiles/STM32_CyberDog.dir/usercode/src/hc05.cpp.obj
                0x08006d58                __gnu_cxx::__normal_iterator<unsigned char*, std::vector<unsigned char, std::allocator<unsigned char> > >::operator*() const
 .text._ZNSt6vectorIhSaIhEE15_M_erase_at_endEPh
                0x08006d6e       0x48 CMakeFiles/STM32_CyberDog.dir/usercode/src/hc05.cpp.obj
                0x08006d6e                std::vector<unsigned char, std::allocator<unsigned char> >::_M_erase_at_end(unsigned char*)
 .text._ZNSt6vectorIhSaIhEE11_S_max_sizeERKS0_
                0x08006db6       0x40 CMakeFiles/STM32_CyberDog.dir/usercode/src/hc05.cpp.obj
                0x08006db6                std::vector<unsigned char, std::allocator<unsigned char> >::_S_max_size(std::allocator<unsigned char> const&)
 .text._ZNKSt12_Vector_baseIhSaIhEE19_M_get_Tp_allocatorEv
                0x08006df6       0x14 CMakeFiles/STM32_CyberDog.dir/usercode/src/hc05.cpp.obj
                0x08006df6                std::_Vector_base<unsigned char, std::allocator<unsigned char> >::_M_get_Tp_allocator() const
 .text._ZSt12__relocate_aIPhS0_SaIhEET0_T_S3_S2_RT1_
                0x08006e0a       0x3a CMakeFiles/STM32_CyberDog.dir/usercode/src/hc05.cpp.obj
                0x08006e0a                unsigned char* std::__relocate_a<unsigned char*, unsigned char*, std::allocator<unsigned char> >(unsigned char*, unsigned char*, unsigned char*, std::allocator<unsigned char>&)
 .text._ZSt7forwardIRKhEOT_RNSt16remove_referenceIS2_E4typeE
                0x08006e44       0x14 CMakeFiles/STM32_CyberDog.dir/usercode/src/hc05.cpp.obj
                0x08006e44                unsigned char const& std::forward<unsigned char const&>(std::remove_reference<unsigned char const&>::type&)
 .text._ZNKSt6vectorIhSaIhEE12_M_check_lenEjPKc
                0x08006e58       0x8e CMakeFiles/STM32_CyberDog.dir/usercode/src/hc05.cpp.obj
                0x08006e58                std::vector<unsigned char, std::allocator<unsigned char> >::_M_check_len(unsigned int, char const*) const
 .text._ZNSt6vectorIhSaIhEE3endEv
                0x08006ee6       0x22 CMakeFiles/STM32_CyberDog.dir/usercode/src/hc05.cpp.obj
                0x08006ee6                std::vector<unsigned char, std::allocator<unsigned char> >::end()
 .text._ZN9__gnu_cxxmiIPhSt6vectorIhSaIhEEEENS_17__normal_iteratorIT_T0_E15difference_typeERKS8_SB_
                0x08006f08       0x28 CMakeFiles/STM32_CyberDog.dir/usercode/src/hc05.cpp.obj
                0x08006f08                __gnu_cxx::__normal_iterator<unsigned char*, std::vector<unsigned char, std::allocator<unsigned char> > >::difference_type __gnu_cxx::operator-<unsigned char*, std::vector<unsigned char, std::allocator<unsigned char> > >(__gnu_cxx::__normal_iterator<unsigned char*, std::vector<unsigned char, std::allocator<unsigned char> > > const&, __gnu_cxx::__normal_iterator<unsigned char*, std::vector<unsigned char, std::allocator<unsigned char> > > const&)
 .text._ZSt12__to_addressIhEPT_S1_
                0x08006f30       0x14 CMakeFiles/STM32_CyberDog.dir/usercode/src/hc05.cpp.obj
                0x08006f30                unsigned char* std::__to_address<unsigned char>(unsigned char*)
 .text._ZN9__gnu_cxx17__normal_iteratorIPhSt6vectorIhSaIhEEEC2ERKS1_
                0x08006f44       0x1e CMakeFiles/STM32_CyberDog.dir/usercode/src/hc05.cpp.obj
                0x08006f44                __gnu_cxx::__normal_iterator<unsigned char*, std::vector<unsigned char, std::allocator<unsigned char> > >::__normal_iterator(unsigned char* const&)
                0x08006f44                __gnu_cxx::__normal_iterator<unsigned char*, std::vector<unsigned char, std::allocator<unsigned char> > >::__normal_iterator(unsigned char* const&)
 .text._ZSt3minIjERKT_S2_S2_
                0x08006f62       0x26 CMakeFiles/STM32_CyberDog.dir/usercode/src/hc05.cpp.obj
                0x08006f62                unsigned int const& std::min<unsigned int>(unsigned int const&, unsigned int const&)
 .text._ZNSt15__new_allocatorIhE8allocateEjPKv
                0x08006f88       0x44 CMakeFiles/STM32_CyberDog.dir/usercode/src/hc05.cpp.obj
                0x08006f88                std::__new_allocator<unsigned char>::allocate(unsigned int, void const*)
 .text._ZSt12__niter_baseIPhET_S1_
                0x08006fcc       0x14 CMakeFiles/STM32_CyberDog.dir/usercode/src/hc05.cpp.obj
                0x08006fcc                unsigned char* std::__niter_base<unsigned char*>(unsigned char*)
 .text._ZSt14__relocate_a_1IhhENSt9enable_ifIXsrSt24__is_bitwise_relocatableIT_vE5valueEPS2_E4typeES4_S4_S4_RSaIT0_E
                0x08006fe0       0x3a CMakeFiles/STM32_CyberDog.dir/usercode/src/hc05.cpp.obj
                0x08006fe0                std::enable_if<std::__is_bitwise_relocatable<unsigned char, void>::value, unsigned char*>::type std::__relocate_a_1<unsigned char, unsigned char>(unsigned char*, unsigned char*, unsigned char*, std::allocator<unsigned char>&)
 .text._ZSt3maxIjERKT_S2_S2_
                0x0800701a       0x26 CMakeFiles/STM32_CyberDog.dir/usercode/src/hc05.cpp.obj
                0x0800701a                unsigned int const& std::max<unsigned int>(unsigned int const&, unsigned int const&)
 .text._ZNK9__gnu_cxx17__normal_iteratorIPhSt6vectorIhSaIhEEE4baseEv
                0x08007040       0x14 CMakeFiles/STM32_CyberDog.dir/usercode/src/hc05.cpp.obj
                0x08007040                __gnu_cxx::__normal_iterator<unsigned char*, std::vector<unsigned char, std::allocator<unsigned char> > >::base() const
 .text.__aeabi_atexit
                0x08007054        0xa D:/14.3 rel1/bin/../lib/gcc/arm-none-eabi/14.3.1/../../../../arm-none-eabi/lib/thumb/v7-m/nofp\libstdc++_nano.a(atexit_arm.o)
                0x08007054                __aeabi_atexit
 .text._ZdlPvj  0x0800705e        0x4 D:/14.3 rel1/bin/../lib/gcc/arm-none-eabi/14.3.1/../../../../arm-none-eabi/lib/thumb/v7-m/nofp\libstdc++_nano.a(del_ops.o)
                0x0800705e                operator delete(void*, unsigned int)
 .text.unlikely._ZSt17__throw_bad_allocv
                0x08007062        0x6 D:/14.3 rel1/bin/../lib/gcc/arm-none-eabi/14.3.1/../../../../arm-none-eabi/lib/thumb/v7-m/nofp\libstdc++_nano.a(functexcept.o)
                0x08007062                std::__throw_bad_alloc()
 .text.unlikely._ZSt20__throw_length_errorPKc
                0x08007068        0x6 D:/14.3 rel1/bin/../lib/gcc/arm-none-eabi/14.3.1/../../../../arm-none-eabi/lib/thumb/v7-m/nofp\libstdc++_nano.a(functexcept.o)
                0x08007068                std::__throw_length_error(char const*)
 .text.abort    0x0800706e        0xe D:/14.3 rel1/bin/../lib/gcc/arm-none-eabi/14.3.1/../../../../arm-none-eabi/lib/thumb/v7-m/nofp\libg_nano.a(libc_a-abort.o)
                0x0800706e                abort
 .text.__cxa_atexit
                0x0800707c       0x1c D:/14.3 rel1/bin/../lib/gcc/arm-none-eabi/14.3.1/../../../../arm-none-eabi/lib/thumb/v7-m/nofp\libg_nano.a(libc_a-cxa_atexit.o)
                0x0800707c                __cxa_atexit
 .text.memset   0x08007098       0x10 D:/14.3 rel1/bin/../lib/gcc/arm-none-eabi/14.3.1/../../../../arm-none-eabi/lib/thumb/v7-m/nofp\libg_nano.a(libc_a-memset.o)
                0x08007098                memset
 .text._raise_r
                0x080070a8       0x50 D:/14.3 rel1/bin/../lib/gcc/arm-none-eabi/14.3.1/../../../../arm-none-eabi/lib/thumb/v7-m/nofp\libg_nano.a(libc_a-signal.o)
                0x080070a8                _raise_r
 .text.raise    0x080070f8       0x10 D:/14.3 rel1/bin/../lib/gcc/arm-none-eabi/14.3.1/../../../../arm-none-eabi/lib/thumb/v7-m/nofp\libg_nano.a(libc_a-signal.o)
                0x080070f8                raise
 .text._kill_r  0x08007108       0x24 D:/14.3 rel1/bin/../lib/gcc/arm-none-eabi/14.3.1/../../../../arm-none-eabi/lib/thumb/v7-m/nofp\libg_nano.a(libc_a-signalr.o)
                0x08007108                _kill_r
 .text._getpid_r
                0x0800712c        0x4 D:/14.3 rel1/bin/../lib/gcc/arm-none-eabi/14.3.1/../../../../arm-none-eabi/lib/thumb/v7-m/nofp\libg_nano.a(libc_a-signalr.o)
                0x0800712c                _getpid_r
 .text.__errno  0x08007130        0xc D:/14.3 rel1/bin/../lib/gcc/arm-none-eabi/14.3.1/../../../../arm-none-eabi/lib/thumb/v7-m/nofp\libg_nano.a(libc_a-errno.o)
                0x08007130                __errno
 .text.__libc_init_array
                0x0800713c       0x48 D:/14.3 rel1/bin/../lib/gcc/arm-none-eabi/14.3.1/../../../../arm-none-eabi/lib/thumb/v7-m/nofp\libg_nano.a(libc_a-init.o)
                0x0800713c                __libc_init_array
 .text.memcpy   0x08007184       0x1c D:/14.3 rel1/bin/../lib/gcc/arm-none-eabi/14.3.1/../../../../arm-none-eabi/lib/thumb/v7-m/nofp\libg_nano.a(libc_a-memcpy-stub.o)
                0x08007184                memcpy
 *(.glue_7)
 .glue_7        0x080071a0        0x0 linker stubs
 *(.glue_7t)
 .glue_7t       0x080071a0        0x0 linker stubs
 *(.eh_frame)
 .eh_frame      0x080071a0        0x0 D:/14.3 rel1/bin/../lib/gcc/arm-none-eabi/14.3.1/thumb/v7-m/nofp/crtbegin.o
 *(.init)
 .init          0x080071a0        0x4 D:/14.3 rel1/bin/../lib/gcc/arm-none-eabi/14.3.1/thumb/v7-m/nofp/crti.o
                0x080071a0                _init
 .init          0x080071a4        0x8 D:/14.3 rel1/bin/../lib/gcc/arm-none-eabi/14.3.1/thumb/v7-m/nofp/crtn.o
 *(.fini)
 .fini          0x080071ac        0x4 D:/14.3 rel1/bin/../lib/gcc/arm-none-eabi/14.3.1/thumb/v7-m/nofp/crti.o
                0x080071ac                _fini
 .fini          0x080071b0        0x8 D:/14.3 rel1/bin/../lib/gcc/arm-none-eabi/14.3.1/thumb/v7-m/nofp/crtn.o
                0x080071b8                        . = ALIGN (0x4)
                0x080071b8                        _etext = .

.vfp11_veneer   0x080071b8        0x0
 .vfp11_veneer  0x080071b8        0x0 linker stubs

.v4_bx          0x080071b8        0x0
 .v4_bx         0x080071b8        0x0 linker stubs

.iplt           0x080071b8        0x0
 .iplt          0x080071b8        0x0 D:/14.3 rel1/bin/../lib/gcc/arm-none-eabi/14.3.1/thumb/v7-m/nofp/crtbegin.o

.rodata         0x080071b8       0xb8
                0x080071b8                        . = ALIGN (0x4)
 *(.rodata)
 .rodata        0x080071b8        0x5 cmake/stm32cubemx/CMakeFiles/FreeRTOS.dir/__/__/Middlewares/Third_Party/FreeRTOS/Source/tasks.c.obj
 *fill*         0x080071bd        0x3 
 .rodata        0x080071c0        0xd cmake/stm32cubemx/CMakeFiles/FreeRTOS.dir/__/__/Middlewares/Third_Party/FreeRTOS/Source/timers.c.obj
 *fill*         0x080071cd        0x3 
 .rodata        0x080071d0        0xc CMakeFiles/STM32_CyberDog.dir/Core/Src/freertos.c.obj
 .rodata        0x080071dc       0x16 CMakeFiles/STM32_CyberDog.dir/usercode/src/app.cpp.obj
 *fill*         0x080071f2        0x2 
 .rodata        0x080071f4       0x2a CMakeFiles/STM32_CyberDog.dir/usercode/src/hc05.cpp.obj
 *(.rodata*)
 *fill*         0x0800721e        0x2 
 .rodata.AHBPrescTable
                0x08007220       0x10 cmake/stm32cubemx/CMakeFiles/STM32_Drivers.dir/__/__/Core/Src/system_stm32f1xx.c.obj
                0x08007220                AHBPrescTable
 .rodata.APBPrescTable
                0x08007230        0x8 cmake/stm32cubemx/CMakeFiles/STM32_Drivers.dir/__/__/Core/Src/system_stm32f1xx.c.obj
                0x08007230                APBPrescTable
 .rodata.aPLLMULFactorTable.1
                0x08007238       0x10 cmake/stm32cubemx/CMakeFiles/STM32_Drivers.dir/__/__/Drivers/STM32F1xx_HAL_Driver/Src/stm32f1xx_hal_rcc.c.obj
 .rodata.aPredivFactorTable.0
                0x08007248        0x2 cmake/stm32cubemx/CMakeFiles/STM32_Drivers.dir/__/__/Drivers/STM32F1xx_HAL_Driver/Src/stm32f1xx_hal_rcc.c.obj
 *fill*         0x0800724a        0x2 
 .rodata.defaultTask_attributes
                0x0800724c       0x24 CMakeFiles/STM32_CyberDog.dir/Core/Src/freertos.c.obj
                0x0800724c                defaultTask_attributes
                0x08007270                        . = ALIGN (0x4)

.ARM.extab      0x08007270        0x0
                0x08007270                        . = ALIGN (0x4)
 *(.ARM.extab* .gnu.linkonce.armextab.*)
                0x08007270                        . = ALIGN (0x4)

.ARM            0x08007270        0x8
                0x08007270                        . = ALIGN (0x4)
                0x08007270                        __exidx_start = .
 *(.ARM.exidx*)
 .ARM.exidx     0x08007270        0x8 D:/14.3 rel1/bin/../lib/gcc/arm-none-eabi/14.3.1/../../../../arm-none-eabi/lib/thumb/v7-m/nofp\libg_nano.a(libc_a-strlen.o)
                0x08007278                        __exidx_end = .
                0x08007278                        . = ALIGN (0x4)

.preinit_array  0x08007278        0x0
                0x08007278                        . = ALIGN (0x4)
                0x08007278                        PROVIDE (__preinit_array_start = .)
 *(.preinit_array*)
                0x08007278                        PROVIDE (__preinit_array_end = .)
                0x08007278                        . = ALIGN (0x4)

.init_array     0x08007278        0xc
                0x08007278                        . = ALIGN (0x4)
                0x08007278                        PROVIDE (__init_array_start = .)
 *(SORT_BY_NAME(.init_array.*))
 *(.init_array*)
 .init_array    0x08007278        0x4 D:/14.3 rel1/bin/../lib/gcc/arm-none-eabi/14.3.1/thumb/v7-m/nofp/crtbegin.o
 .init_array    0x0800727c        0x4 CMakeFiles/STM32_CyberDog.dir/usercode/src/app.cpp.obj
 .init_array    0x08007280        0x4 CMakeFiles/STM32_CyberDog.dir/usercode/src/arena.cpp.obj
                0x08007284                        PROVIDE (__init_array_end = .)
                0x08007284                        . = ALIGN (0x4)

.fini_array     0x08007284        0x4
                0x08007284                        . = ALIGN (0x4)
                [!provide]                        PROVIDE (__fini_array_start = .)
 *(SORT_BY_NAME(.fini_array.*))
 *(.fini_array*)
 .fini_array    0x08007284        0x4 D:/14.3 rel1/bin/../lib/gcc/arm-none-eabi/14.3.1/thumb/v7-m/nofp/crtbegin.o
                [!provide]                        PROVIDE (__fini_array_end = .)
                0x08007288                        . = ALIGN (0x4)
                0x08007288                        _sidata = LOADADDR (.data)

.rel.dyn        0x08007288        0x0
 .rel.iplt      0x08007288        0x0 D:/14.3 rel1/bin/../lib/gcc/arm-none-eabi/14.3.1/thumb/v7-m/nofp/crtbegin.o

.data           0x20000000       0x64 load address 0x08007288
                0x20000000                        . = ALIGN (0x4)
                0x20000000                        _sdata = .
 *(.data)
 *(.data*)
 .data.__dso_handle
                0x20000000        0x4 D:/14.3 rel1/bin/../lib/gcc/arm-none-eabi/14.3.1/thumb/v7-m/nofp/crtbegin.o
                0x20000000                __dso_handle
 .data.SystemCoreClock
                0x20000004        0x4 cmake/stm32cubemx/CMakeFiles/STM32_Drivers.dir/__/__/Core/Src/system_stm32f1xx.c.obj
                0x20000004                SystemCoreClock
 .data.uwTickPrio
                0x20000008        0x4 cmake/stm32cubemx/CMakeFiles/STM32_Drivers.dir/__/__/Drivers/STM32F1xx_HAL_Driver/Src/stm32f1xx_hal.c.obj
                0x20000008                uwTickPrio
 .data.uwTickFreq
                0x2000000c        0x1 cmake/stm32cubemx/CMakeFiles/STM32_Drivers.dir/__/__/Drivers/STM32F1xx_HAL_Driver/Src/stm32f1xx_hal.c.obj
                0x2000000c                uwTickFreq
 *fill*         0x2000000d        0x3 
 .data.uxCriticalNesting
                0x20000010        0x4 cmake/stm32cubemx/CMakeFiles/FreeRTOS.dir/__/__/Middlewares/Third_Party/FreeRTOS/Source/portable/GCC/ARM_CM3/port.c.obj
 .data._impure_ptr
                0x20000014        0x4 D:/14.3 rel1/bin/../lib/gcc/arm-none-eabi/14.3.1/../../../../arm-none-eabi/lib/thumb/v7-m/nofp\libg_nano.a(libc_a-impure.o)
                0x20000014                _impure_ptr
 .data._impure_data
                0x20000018       0x4c D:/14.3 rel1/bin/../lib/gcc/arm-none-eabi/14.3.1/../../../../arm-none-eabi/lib/thumb/v7-m/nofp\libg_nano.a(libc_a-impure.o)
                0x20000018                _impure_data
 *(.RamFunc)
 *(.RamFunc*)
                0x20000064                        . = ALIGN (0x4)

.tm_clone_table
                0x20000064        0x0 load address 0x080072ec
 .tm_clone_table
                0x20000064        0x0 D:/14.3 rel1/bin/../lib/gcc/arm-none-eabi/14.3.1/thumb/v7-m/nofp/crtbegin.o
 .tm_clone_table
                0x20000064        0x0 D:/14.3 rel1/bin/../lib/gcc/arm-none-eabi/14.3.1/thumb/v7-m/nofp/crtend.o

.igot.plt       0x20000064        0x0 load address 0x080072ec
 .igot.plt      0x20000064        0x0 D:/14.3 rel1/bin/../lib/gcc/arm-none-eabi/14.3.1/thumb/v7-m/nofp/crtbegin.o

.tdata          0x20000064        0x0 load address 0x080072ec
 *(.tdata .tdata.* .gnu.linkonce.td.*)
                0x20000064                        . = ALIGN (0x4)
                0x20000064                        _edata = .
                [!provide]                        PROVIDE (__data_end = .)
                [!provide]                        PROVIDE (__tdata_end = .)
                [!provide]                        PROVIDE (__tdata_start = ADDR (.tdata))
                [!provide]                        PROVIDE (__tdata_size = (__tdata_end - __tdata_start))
                [!provide]                        PROVIDE (__data_start = ADDR (.data))
                [!provide]                        PROVIDE (__data_size = (__data_end - __data_start))
                [!provide]                        PROVIDE (__tdata_source = LOADADDR (.tdata))
                [!provide]                        PROVIDE (__tdata_source_end = (LOADADDR (.tdata) + SIZEOF (.tdata)))
                [!provide]                        PROVIDE (__tdata_source_size = (__tdata_source_end - __tdata_source))
                [!provide]                        PROVIDE (__data_source = LOADADDR (.data))
                [!provide]                        PROVIDE (__data_source_end = __tdata_source_end)
                [!provide]                        PROVIDE (__data_source_size = (__data_source_end - __data_source))

.tbss           0x20000064        0x0 load address 0x080072ec
                0x20000064                        _sbss = .
                0x20000064                        __bss_start__ = _sbss
 *(.tbss .tbss.*)
                0x20000064                        . = ALIGN (0x4)
                [!provide]                        PROVIDE (__tbss_end = .)
                [!provide]                        PROVIDE (__tbss_start = ADDR (.tbss))
                [!provide]                        PROVIDE (__tbss_size = (__tbss_end - __tbss_start))
                [!provide]                        PROVIDE (__tbss_offset = (ADDR (.tbss) - ADDR (.tdata)))
                [!provide]                        PROVIDE (__tls_base = __tdata_start)
                [!provide]                        PROVIDE (__tls_end = __tbss_end)
                [!provide]                        PROVIDE (__tls_size = (__tls_end - __tls_base))
                [!provide]                        PROVIDE (__tls_align = MAX (ALIGNOF (.tdata), ALIGNOF (.tbss)))
                [!provide]                        PROVIDE (__tls_size_align = (((__tls_size + __tls_align) - 0x1) & ~ ((__tls_align - 0x1))))
                [!provide]                        PROVIDE (__arm32_tls_tcb_offset = MAX (0x8, __tls_align))
                [!provide]                        PROVIDE (__arm64_tls_tcb_offset = MAX (0x10, __tls_align))

.bss            0x20000064     0x482c load address 0x080072ec
 *(.bss)
 *(.bss*)
 .bss.completed.1
                0x20000064        0x1 D:/14.3 rel1/bin/../lib/gcc/arm-none-eabi/14.3.1/thumb/v7-m/nofp/crtbegin.o
 *fill*         0x20000065        0x3 
 .bss.object.0  0x20000068       0x18 D:/14.3 rel1/bin/../lib/gcc/arm-none-eabi/14.3.1/thumb/v7-m/nofp/crtbegin.o
 .bss.uwTick    0x20000080        0x4 cmake/stm32cubemx/CMakeFiles/STM32_Drivers.dir/__/__/Drivers/STM32F1xx_HAL_Driver/Src/stm32f1xx_hal.c.obj
                0x20000080                uwTick
 .bss.xQueueRegistry
                0x20000084       0x40 cmake/stm32cubemx/CMakeFiles/FreeRTOS.dir/__/__/Middlewares/Third_Party/FreeRTOS/Source/queue.c.obj
                0x20000084                xQueueRegistry
 .bss.pxCurrentTCB
                0x200000c4        0x4 cmake/stm32cubemx/CMakeFiles/FreeRTOS.dir/__/__/Middlewares/Third_Party/FreeRTOS/Source/tasks.c.obj
                0x200000c4                pxCurrentTCB
 .bss.pxReadyTasksLists
                0x200000c8      0x460 cmake/stm32cubemx/CMakeFiles/FreeRTOS.dir/__/__/Middlewares/Third_Party/FreeRTOS/Source/tasks.c.obj
 .bss.xDelayedTaskList1
                0x20000528       0x14 cmake/stm32cubemx/CMakeFiles/FreeRTOS.dir/__/__/Middlewares/Third_Party/FreeRTOS/Source/tasks.c.obj
 .bss.xDelayedTaskList2
                0x2000053c       0x14 cmake/stm32cubemx/CMakeFiles/FreeRTOS.dir/__/__/Middlewares/Third_Party/FreeRTOS/Source/tasks.c.obj
 .bss.pxDelayedTaskList
                0x20000550        0x4 cmake/stm32cubemx/CMakeFiles/FreeRTOS.dir/__/__/Middlewares/Third_Party/FreeRTOS/Source/tasks.c.obj
 .bss.pxOverflowDelayedTaskList
                0x20000554        0x4 cmake/stm32cubemx/CMakeFiles/FreeRTOS.dir/__/__/Middlewares/Third_Party/FreeRTOS/Source/tasks.c.obj
 .bss.xPendingReadyList
                0x20000558       0x14 cmake/stm32cubemx/CMakeFiles/FreeRTOS.dir/__/__/Middlewares/Third_Party/FreeRTOS/Source/tasks.c.obj
 .bss.xTasksWaitingTermination
                0x2000056c       0x14 cmake/stm32cubemx/CMakeFiles/FreeRTOS.dir/__/__/Middlewares/Third_Party/FreeRTOS/Source/tasks.c.obj
 .bss.uxDeletedTasksWaitingCleanUp
                0x20000580        0x4 cmake/stm32cubemx/CMakeFiles/FreeRTOS.dir/__/__/Middlewares/Third_Party/FreeRTOS/Source/tasks.c.obj
 .bss.xSuspendedTaskList
                0x20000584       0x14 cmake/stm32cubemx/CMakeFiles/FreeRTOS.dir/__/__/Middlewares/Third_Party/FreeRTOS/Source/tasks.c.obj
 .bss.uxCurrentNumberOfTasks
                0x20000598        0x4 cmake/stm32cubemx/CMakeFiles/FreeRTOS.dir/__/__/Middlewares/Third_Party/FreeRTOS/Source/tasks.c.obj
 .bss.xTickCount
                0x2000059c        0x4 cmake/stm32cubemx/CMakeFiles/FreeRTOS.dir/__/__/Middlewares/Third_Party/FreeRTOS/Source/tasks.c.obj
 .bss.uxTopReadyPriority
                0x200005a0        0x4 cmake/stm32cubemx/CMakeFiles/FreeRTOS.dir/__/__/Middlewares/Third_Party/FreeRTOS/Source/tasks.c.obj
 .bss.xSchedulerRunning
                0x200005a4        0x4 cmake/stm32cubemx/CMakeFiles/FreeRTOS.dir/__/__/Middlewares/Third_Party/FreeRTOS/Source/tasks.c.obj
 .bss.xPendedTicks
                0x200005a8        0x4 cmake/stm32cubemx/CMakeFiles/FreeRTOS.dir/__/__/Middlewares/Third_Party/FreeRTOS/Source/tasks.c.obj
 .bss.xYieldPending
                0x200005ac        0x4 cmake/stm32cubemx/CMakeFiles/FreeRTOS.dir/__/__/Middlewares/Third_Party/FreeRTOS/Source/tasks.c.obj
 .bss.xNumOfOverflows
                0x200005b0        0x4 cmake/stm32cubemx/CMakeFiles/FreeRTOS.dir/__/__/Middlewares/Third_Party/FreeRTOS/Source/tasks.c.obj
 .bss.uxTaskNumber
                0x200005b4        0x4 cmake/stm32cubemx/CMakeFiles/FreeRTOS.dir/__/__/Middlewares/Third_Party/FreeRTOS/Source/tasks.c.obj
 .bss.xNextTaskUnblockTime
                0x200005b8        0x4 cmake/stm32cubemx/CMakeFiles/FreeRTOS.dir/__/__/Middlewares/Third_Party/FreeRTOS/Source/tasks.c.obj
 .bss.xIdleTaskHandle
                0x200005bc        0x4 cmake/stm32cubemx/CMakeFiles/FreeRTOS.dir/__/__/Middlewares/Third_Party/FreeRTOS/Source/tasks.c.obj
 .bss.uxSchedulerSuspended
                0x200005c0        0x4 cmake/stm32cubemx/CMakeFiles/FreeRTOS.dir/__/__/Middlewares/Third_Party/FreeRTOS/Source/tasks.c.obj
 .bss.xActiveTimerList1
                0x200005c4       0x14 cmake/stm32cubemx/CMakeFiles/FreeRTOS.dir/__/__/Middlewares/Third_Party/FreeRTOS/Source/timers.c.obj
 .bss.xActiveTimerList2
                0x200005d8       0x14 cmake/stm32cubemx/CMakeFiles/FreeRTOS.dir/__/__/Middlewares/Third_Party/FreeRTOS/Source/timers.c.obj
 .bss.pxCurrentTimerList
                0x200005ec        0x4 cmake/stm32cubemx/CMakeFiles/FreeRTOS.dir/__/__/Middlewares/Third_Party/FreeRTOS/Source/timers.c.obj
 .bss.pxOverflowTimerList
                0x200005f0        0x4 cmake/stm32cubemx/CMakeFiles/FreeRTOS.dir/__/__/Middlewares/Third_Party/FreeRTOS/Source/timers.c.obj
 .bss.xTimerQueue
                0x200005f4        0x4 cmake/stm32cubemx/CMakeFiles/FreeRTOS.dir/__/__/Middlewares/Third_Party/FreeRTOS/Source/timers.c.obj
 .bss.xTimerTaskHandle
                0x200005f8        0x4 cmake/stm32cubemx/CMakeFiles/FreeRTOS.dir/__/__/Middlewares/Third_Party/FreeRTOS/Source/timers.c.obj
 .bss.xLastTime.2
                0x200005fc        0x4 cmake/stm32cubemx/CMakeFiles/FreeRTOS.dir/__/__/Middlewares/Third_Party/FreeRTOS/Source/timers.c.obj
 .bss.ucStaticTimerQueueStorage.1
                0x20000600       0xa0 cmake/stm32cubemx/CMakeFiles/FreeRTOS.dir/__/__/Middlewares/Third_Party/FreeRTOS/Source/timers.c.obj
 .bss.xStaticTimerQueue.0
                0x200006a0       0x50 cmake/stm32cubemx/CMakeFiles/FreeRTOS.dir/__/__/Middlewares/Third_Party/FreeRTOS/Source/timers.c.obj
 .bss.KernelState
                0x200006f0        0x4 cmake/stm32cubemx/CMakeFiles/FreeRTOS.dir/__/__/Middlewares/Third_Party/FreeRTOS/Source/CMSIS_RTOS_V2/cmsis_os2.c.obj
 .bss.Idle_TCB.3
                0x200006f4       0x5c cmake/stm32cubemx/CMakeFiles/FreeRTOS.dir/__/__/Middlewares/Third_Party/FreeRTOS/Source/CMSIS_RTOS_V2/cmsis_os2.c.obj
 .bss.Idle_Stack.2
                0x20000750      0x200 cmake/stm32cubemx/CMakeFiles/FreeRTOS.dir/__/__/Middlewares/Third_Party/FreeRTOS/Source/CMSIS_RTOS_V2/cmsis_os2.c.obj
 .bss.Timer_TCB.1
                0x20000950       0x5c cmake/stm32cubemx/CMakeFiles/FreeRTOS.dir/__/__/Middlewares/Third_Party/FreeRTOS/Source/CMSIS_RTOS_V2/cmsis_os2.c.obj
 .bss.Timer_Stack.0
                0x200009ac      0x400 cmake/stm32cubemx/CMakeFiles/FreeRTOS.dir/__/__/Middlewares/Third_Party/FreeRTOS/Source/CMSIS_RTOS_V2/cmsis_os2.c.obj
 .bss.ucHeap    0x20000dac     0x2000 cmake/stm32cubemx/CMakeFiles/FreeRTOS.dir/__/__/Middlewares/Third_Party/FreeRTOS/Source/portable/MemMang/heap_4.c.obj
 .bss.xStart    0x20002dac        0x8 cmake/stm32cubemx/CMakeFiles/FreeRTOS.dir/__/__/Middlewares/Third_Party/FreeRTOS/Source/portable/MemMang/heap_4.c.obj
 .bss.pxEnd     0x20002db4        0x4 cmake/stm32cubemx/CMakeFiles/FreeRTOS.dir/__/__/Middlewares/Third_Party/FreeRTOS/Source/portable/MemMang/heap_4.c.obj
 .bss.xFreeBytesRemaining
                0x20002db8        0x4 cmake/stm32cubemx/CMakeFiles/FreeRTOS.dir/__/__/Middlewares/Third_Party/FreeRTOS/Source/portable/MemMang/heap_4.c.obj
 .bss.xMinimumEverFreeBytesRemaining
                0x20002dbc        0x4 cmake/stm32cubemx/CMakeFiles/FreeRTOS.dir/__/__/Middlewares/Third_Party/FreeRTOS/Source/portable/MemMang/heap_4.c.obj
 .bss.xNumberOfSuccessfulAllocations
                0x20002dc0        0x4 cmake/stm32cubemx/CMakeFiles/FreeRTOS.dir/__/__/Middlewares/Third_Party/FreeRTOS/Source/portable/MemMang/heap_4.c.obj
 .bss.xNumberOfSuccessfulFrees
                0x20002dc4        0x4 cmake/stm32cubemx/CMakeFiles/FreeRTOS.dir/__/__/Middlewares/Third_Party/FreeRTOS/Source/portable/MemMang/heap_4.c.obj
 .bss.xBlockAllocatedBit
                0x20002dc8        0x4 cmake/stm32cubemx/CMakeFiles/FreeRTOS.dir/__/__/Middlewares/Third_Party/FreeRTOS/Source/portable/MemMang/heap_4.c.obj
 .bss.ucMaxSysCallPriority
                0x20002dcc        0x1 cmake/stm32cubemx/CMakeFiles/FreeRTOS.dir/__/__/Middlewares/Third_Party/FreeRTOS/Source/portable/GCC/ARM_CM3/port.c.obj
 *fill*         0x20002dcd        0x3 
 .bss.ulMaxPRIGROUPValue
                0x20002dd0        0x4 cmake/stm32cubemx/CMakeFiles/FreeRTOS.dir/__/__/Middlewares/Third_Party/FreeRTOS/Source/portable/GCC/ARM_CM3/port.c.obj
 .bss.defaultTaskHandle
                0x20002dd4        0x4 CMakeFiles/STM32_CyberDog.dir/Core/Src/freertos.c.obj
                0x20002dd4                defaultTaskHandle
 .bss.hi2c1     0x20002dd8       0x54 CMakeFiles/STM32_CyberDog.dir/Core/Src/i2c.c.obj
                0x20002dd8                hi2c1
 .bss.huart1    0x20002e2c       0x78 CMakeFiles/STM32_CyberDog.dir/Core/Src/usart.c.obj
                0x20002e2c                huart1
 .bss.htim4     0x20002ea4       0x48 CMakeFiles/STM32_CyberDog.dir/Core/Src/stm32f1xx_hal_timebase_tim.c.obj
                0x20002ea4                htim4
 .bss.my_hc05_queue
                0x20002eec        0x4 CMakeFiles/STM32_CyberDog.dir/usercode/src/app.cpp.obj
                0x20002eec                my_hc05_queue
 .bss.test_count
                0x20002ef0        0x4 CMakeFiles/STM32_CyberDog.dir/usercode/src/app.cpp.obj
                0x20002ef0                test_count
 .bss.i2c1_mutex
                0x20002ef4        0x4 CMakeFiles/STM32_CyberDog.dir/usercode/src/app.cpp.obj
                0x20002ef4                i2c1_mutex
 .bss.dogImu    0x20002ef8       0x38 CMakeFiles/STM32_CyberDog.dir/usercode/src/app.cpp.obj
                0x20002ef8                dogImu
 .bss.uart_mutex
                0x20002f30        0x4 CMakeFiles/STM32_CyberDog.dir/usercode/src/app.cpp.obj
                0x20002f30                uart_mutex
 .bss.blueTooth
                0x20002f34       0x1c CMakeFiles/STM32_CyberDog.dir/usercode/src/app.cpp.obj
                0x20002f34                blueTooth
 .bss._ZL12g_boot_arena
                0x20002f50     0x1804 CMakeFiles/STM32_CyberDog.dir/usercode/src/arena.cpp.obj
 .bss.__sf      0x20004754      0x138 D:/14.3 rel1/bin/../lib/gcc/arm-none-eabi/14.3.1/../../../../arm-none-eabi/lib/thumb/v7-m/nofp\libg_nano.a(libc_a-findfp.o)
                0x20004754                __sf
 .bss.errno     0x2000488c        0x4 D:/14.3 rel1/bin/../lib/gcc/arm-none-eabi/14.3.1/../../../../arm-none-eabi/lib/thumb/v7-m/nofp\libg_nano.a(libc_a-reent.o)
                0x2000488c                errno
 *(COMMON)
                0x20004890                        . = ALIGN (0x4)
                0x20004890                        _ebss = .
                0x20004890                        __bss_end__ = _ebss
                [!provide]                        PROVIDE (__bss_end = .)
                [!provide]                        PROVIDE (__non_tls_bss_start = ADDR (.bss))
                [!provide]                        PROVIDE (__bss_start = __tbss_start)
                [!provide]                        PROVIDE (__bss_size = (__bss_end - __bss_start))

._user_heap_stack
                0x20004890      0x600 load address 0x080072ec
                0x20004890                        . = ALIGN (0x8)
                [!provide]                        PROVIDE (end = .)
                0x20004890                        PROVIDE (_end = .)
                0x20004a90                        . = (. + _Min_Heap_Size)
 *fill*         0x20004890      0x200 
                0x20004e90                        . = (. + _Min_Stack_Size)
 *fill*         0x20004a90      0x400 
                0x20004e90                        . = ALIGN (0x8)

/DISCARD/
 libc.a:*(*)
 libm.a:*(*)
 libgcc.a:*(*)
OUTPUT(STM32_CyberDog.elf elf32-littlearm)
LOAD linker stubs

.ARM.attributes
                0x00000000       0x29
 .ARM.attributes
                0x00000000       0x1d D:/14.3 rel1/bin/../lib/gcc/arm-none-eabi/14.3.1/thumb/v7-m/nofp/crti.o
 .ARM.attributes
                0x0000001d       0x2d D:/14.3 rel1/bin/../lib/gcc/arm-none-eabi/14.3.1/thumb/v7-m/nofp/crtbegin.o
 .ARM.attributes
                0x0000004a       0x2d cmake/stm32cubemx/CMakeFiles/STM32_Drivers.dir/__/__/Core/Src/system_stm32f1xx.c.obj
 .ARM.attributes
                0x00000077       0x2d cmake/stm32cubemx/CMakeFiles/STM32_Drivers.dir/__/__/Drivers/STM32F1xx_HAL_Driver/Src/stm32f1xx_hal_tim.c.obj
 .ARM.attributes
                0x000000a4       0x2d cmake/stm32cubemx/CMakeFiles/STM32_Drivers.dir/__/__/Drivers/STM32F1xx_HAL_Driver/Src/stm32f1xx_hal_tim_ex.c.obj
 .ARM.attributes
                0x000000d1       0x2d cmake/stm32cubemx/CMakeFiles/STM32_Drivers.dir/__/__/Drivers/STM32F1xx_HAL_Driver/Src/stm32f1xx_hal.c.obj
 .ARM.attributes
                0x000000fe       0x2d cmake/stm32cubemx/CMakeFiles/STM32_Drivers.dir/__/__/Drivers/STM32F1xx_HAL_Driver/Src/stm32f1xx_hal_rcc.c.obj
 .ARM.attributes
                0x0000012b       0x2d cmake/stm32cubemx/CMakeFiles/STM32_Drivers.dir/__/__/Drivers/STM32F1xx_HAL_Driver/Src/stm32f1xx_hal_gpio.c.obj
 .ARM.attributes
                0x00000158       0x2d cmake/stm32cubemx/CMakeFiles/STM32_Drivers.dir/__/__/Drivers/STM32F1xx_HAL_Driver/Src/stm32f1xx_hal_dma.c.obj
 .ARM.attributes
                0x00000185       0x2d cmake/stm32cubemx/CMakeFiles/STM32_Drivers.dir/__/__/Drivers/STM32F1xx_HAL_Driver/Src/stm32f1xx_hal_cortex.c.obj
 .ARM.attributes
                0x000001b2       0x2d cmake/stm32cubemx/CMakeFiles/STM32_Drivers.dir/__/__/Drivers/STM32F1xx_HAL_Driver/Src/stm32f1xx_hal_i2c.c.obj
 .ARM.attributes
                0x000001df       0x2d cmake/stm32cubemx/CMakeFiles/STM32_Drivers.dir/__/__/Drivers/STM32F1xx_HAL_Driver/Src/stm32f1xx_hal_uart.c.obj
 .ARM.attributes
                0x0000020c       0x2d cmake/stm32cubemx/CMakeFiles/FreeRTOS.dir/__/__/Middlewares/Third_Party/FreeRTOS/Source/list.c.obj
 .ARM.attributes
                0x00000239       0x2d cmake/stm32cubemx/CMakeFiles/FreeRTOS.dir/__/__/Middlewares/Third_Party/FreeRTOS/Source/queue.c.obj
 .ARM.attributes